
H:\work_app\program-test\cr495212\dwproperty_webform.pbt_build>if not exist "H:\work_app\program-test\cr495212\dwproperty_webform.pbt_build\dwproperty\Debug" mkdir "H:\work_app\program-test\cr495212\dwproperty_webform.pbt_build\dwproperty\Debug"  

H:\work_app\program-test\cr495212\dwproperty_webform.pbt_build>xcopy /Y /E /D "H:\work_app\program-test\cr495212\dwproperty_webform.pbt_build\Debug" "H:\work_app\program-test\cr495212\dwproperty_webform.pbt_build\dwproperty\Debug"  
H:\work_app\program-test\cr495212\dwproperty_webform.pbt_build\Debug\dwproperty.dll
H:\work_app\program-test\cr495212\dwproperty_webform.pbt_build\Debug\dwproperty.pdb
H:\work_app\program-test\cr495212\dwproperty_webform.pbt_build\Debug\f_getlibrarylist.netmodule
H:\work_app\program-test\cr495212\dwproperty_webform.pbt_build\Debug\f_getlibrarylist.pdb
H:\work_app\program-test\cr495212\dwproperty_webform.pbt_build\Debug\f_testexecute.netmodule
H:\work_app\program-test\cr495212\dwproperty_webform.pbt_build\Debug\f_testexecute.pdb
H:\work_app\program-test\cr495212\dwproperty_webform.pbt_build\Debug\Microsoft.Web.UI.WebControls.dll
H:\work_app\program-test\cr495212\dwproperty_webform.pbt_build\Debug\nvo_control_sqlca.netmodule
H:\work_app\program-test\cr495212\dwproperty_webform.pbt_build\Debug\nvo_control_sqlca.pdb
H:\work_app\program-test\cr495212\dwproperty_webform.pbt_build\Debug\nvo_datastore.netmodule
H:\work_app\program-test\cr495212\dwproperty_webform.pbt_build\Debug\nvo_datastore.pdb
H:\work_app\program-test\cr495212\dwproperty_webform.pbt_build\Debug\nvo_results.netmodule
H:\work_app\program-test\cr495212\dwproperty_webform.pbt_build\Debug\nvo_results.pdb
H:\work_app\program-test\cr495212\dwproperty_webform.pbt_build\Debug\nvo_string.netmodule
H:\work_app\program-test\cr495212\dwproperty_webform.pbt_build\Debug\nvo_string.pdb
H:\work_app\program-test\cr495212\dwproperty_webform.pbt_build\Debug\pbglobal_pbl.netmodule
H:\work_app\program-test\cr495212\dwproperty_webform.pbt_build\Debug\pbglobal_pbl.pdb
H:\work_app\program-test\cr495212\dwproperty_webform.pbt_build\Debug\RadCalendar.Net2.dll
H:\work_app\program-test\cr495212\dwproperty_webform.pbt_build\Debug\RadInput.Net2.dll
H:\work_app\program-test\cr495212\dwproperty_webform.pbt_build\Debug\RadMenu.Net2.dll
H:\work_app\program-test\cr495212\dwproperty_webform.pbt_build\Debug\RadToolbar.Net2.dll
H:\work_app\program-test\cr495212\dwproperty_webform.pbt_build\Debug\RadTreeView.Net2.dll
H:\work_app\program-test\cr495212\dwproperty_webform.pbt_build\Debug\str_memorystatus.netmodule
H:\work_app\program-test\cr495212\dwproperty_webform.pbt_build\Debug\str_memorystatus.pdb
H:\work_app\program-test\cr495212\dwproperty_webform.pbt_build\Debug\uo_memory.netmodule
H:\work_app\program-test\cr495212\dwproperty_webform.pbt_build\Debug\uo_memory.pdb
H:\work_app\program-test\cr495212\dwproperty_webform.pbt_build\Debug\w_browsecycle.netmodule
H:\work_app\program-test\cr495212\dwproperty_webform.pbt_build\Debug\w_browsecycle.pdb
H:\work_app\program-test\cr495212\dwproperty_webform.pbt_build\Debug\w_main.netmodule
H:\work_app\program-test\cr495212\dwproperty_webform.pbt_build\Debug\w_main.pdb
H:\work_app\program-test\cr495212\dwproperty_webform.pbt_build\Debug\w_results.netmodule
H:\work_app\program-test\cr495212\dwproperty_webform.pbt_build\Debug\w_results.pdb
H:\work_app\program-test\cr495212\dwproperty_webform.pbt_build\Debug\w_starttrace.netmodule
H:\work_app\program-test\cr495212\dwproperty_webform.pbt_build\Debug\w_starttrace.pdb
H:\work_app\program-test\cr495212\dwproperty_webform.pbt_build\Debug\w_test_controller.netmodule
H:\work_app\program-test\cr495212\dwproperty_webform.pbt_build\Debug\w_test_controller.pdb
36 File(s) copied
Copying files from H:\work_app\program-test\cr495212\dwproperty_webform.pbt_build\Debug to H:\work_app\program-test\cr495212\dwproperty_webform.pbt_build\dwproperty\Debug succeeded.

H:\work_app\program-test\cr495212\dwproperty_webform.pbt_build\dwproperty>csc
Microsoft (R) Visual C# 2005 Compiler version 8.00.50727.42
for Microsoft (R) Windows (R) 2005 Framework version 2.0.50727
Copyright (C) Microsoft Corporation 2001-2005. All rights reserved.

fatal error CS2008: No inputs specified

H:\work_app\program-test\cr495212\dwproperty_webform.pbt_build\dwproperty>if errorlevel 9009 exit 3 

H:\work_app\program-test\cr495212\dwproperty_webform.pbt_build\dwproperty>if exist "H:\work_app\program-test\cr495212\dwproperty_webform.pbt_build\dwproperty\*.asmx" del "H:\work_app\program-test\cr495212\dwproperty_webform.pbt_build\dwproperty\*.asmx" 

H:\work_app\program-test\cr495212\dwproperty_webform.pbt_build\dwproperty>if exist "H:\work_app\program-test\cr495212\dwproperty_webform.pbt_build\dwproperty\*.html" del "H:\work_app\program-test\cr495212\dwproperty_webform.pbt_build\dwproperty\*.html" 

H:\work_app\program-test\cr495212\dwproperty_webform.pbt_build\dwproperty>if exist "H:\work_app\program-test\cr495212\dwproperty_webform.pbt_build\dwproperty\*.css" del "H:\work_app\program-test\cr495212\dwproperty_webform.pbt_build\dwproperty\*.css" 

H:\work_app\program-test\cr495212\dwproperty_webform.pbt_build\dwproperty>if exist "H:\work_app\program-test\cr495212\dwproperty_webform.pbt_build\dwproperty\*.cs" del "H:\work_app\program-test\cr495212\dwproperty_webform.pbt_build\dwproperty\*.cs" 

H:\work_app\program-test\cr495212\dwproperty_webform.pbt_build\dwproperty>if exist "H:\work_app\program-test\cr495212\dwproperty_webform.pbt_build\dwproperty\*.aspx" del "H:\work_app\program-test\cr495212\dwproperty_webform.pbt_build\dwproperty\*.aspx" 

H:\work_app\program-test\cr495212\dwproperty_webform.pbt_build\dwproperty>if exist "H:\work_app\program-test\cr495212\dwproperty_webform.pbt_build\dwproperty\*.htm" del "H:\work_app\program-test\cr495212\dwproperty_webform.pbt_build\dwproperty\*.htm" 

H:\work_app\program-test\cr495212\dwproperty_webform.pbt_build\dwproperty>if exist "H:\work_app\program-test\cr495212\dwproperty_webform.pbt_build\dwproperty\*.js" del "H:\work_app\program-test\cr495212\dwproperty_webform.pbt_build\dwproperty\*.js" 

H:\work_app\program-test\cr495212\dwproperty_webform.pbt_build\dwproperty>if exist "H:\work_app\program-test\cr495212\dwproperty_webform.pbt_build\dwproperty\*.resx" del "H:\work_app\program-test\cr495212\dwproperty_webform.pbt_build\dwproperty\*.resx" 

H:\work_app\program-test\cr495212\dwproperty_webform.pbt_build\dwproperty>if exist "H:\work_app\program-test\cr495212\dwproperty_webform.pbt_build\dwproperty\*.asax" del "H:\work_app\program-test\cr495212\dwproperty_webform.pbt_build\dwproperty\*.asax" 

H:\work_app\program-test\cr495212\dwproperty_webform.pbt_build\dwproperty>if exist "H:\work_app\program-test\cr495212\dwproperty_webform.pbt_build\dwproperty\build.bat" del "H:\work_app\program-test\cr495212\dwproperty_webform.pbt_build\dwproperty\build.bat" 

H:\work_app\program-test\cr495212\dwproperty_webform.pbt_build\dwproperty>if exist "H:\work_app\program-test\cr495212\dwproperty_webform.pbt_build\dwproperty\web.config" del "H:\work_app\program-test\cr495212\dwproperty_webform.pbt_build\dwproperty\web.config" 

H:\work_app\program-test\cr495212\dwproperty_webform.pbt_build\dwproperty>if exist "H:\work_app\program-test\cr495212\dwproperty_webform.pbt_build\dwproperty\bin" rd /s /q "H:\work_app\program-test\cr495212\dwproperty_webform.pbt_build\dwproperty\bin" 

H:\work_app\program-test\cr495212\dwproperty_webform.pbt_build\dwproperty>if exist "H:\work_app\program-test\cr495212\dwproperty_webform.pbt_build\dwproperty\images" rd /s /q "H:\work_app\program-test\cr495212\dwproperty_webform.pbt_build\dwproperty\images" 

H:\work_app\program-test\cr495212\dwproperty_webform.pbt_build\dwproperty>if exist "H:\work_app\program-test\cr495212\dwproperty_webform.pbt_build\dwproperty\scripts" rd /s /q "H:\work_app\program-test\cr495212\dwproperty_webform.pbt_build\dwproperty\scripts" 

H:\work_app\program-test\cr495212\dwproperty_webform.pbt_build\dwproperty>if exist "H:\work_app\program-test\cr495212\dwproperty_webform.pbt_build\dwproperty\temp" rd /s /q "H:\work_app\program-test\cr495212\dwproperty_webform.pbt_build\dwproperty\temp" 

H:\work_app\program-test\cr495212\dwproperty_webform.pbt_build\dwproperty>if exist "H:\work_app\program-test\cr495212\dwproperty_webform.pbt_build\dwproperty\..\dwproperty_root\file\common\Registry.xml" del "H:\work_app\program-test\cr495212\dwproperty_webform.pbt_build\dwproperty\..\dwproperty_root\file\common\Registry.xml" 

H:\work_app\program-test\cr495212\dwproperty_webform.pbt_build\dwproperty>if exist "H:\work_app\program-test\cr495212\dwproperty_webform.pbt_build\dwproperty\..\dwproperty_root\file\common\a" rd /s /q "H:\work_app\program-test\cr495212\dwproperty_webform.pbt_build\dwproperty\..\dwproperty_root\file\common\a" 

H:\work_app\program-test\cr495212\dwproperty_webform.pbt_build\dwproperty>if exist "H:\work_app\program-test\cr495212\dwproperty_webform.pbt_build\dwproperty\..\dwproperty_root\file\common\b" rd /s /q "H:\work_app\program-test\cr495212\dwproperty_webform.pbt_build\dwproperty\..\dwproperty_root\file\common\b" 

H:\work_app\program-test\cr495212\dwproperty_webform.pbt_build\dwproperty>if exist "H:\work_app\program-test\cr495212\dwproperty_webform.pbt_build\dwproperty\..\dwproperty_root\file\common\c" rd /s /q "H:\work_app\program-test\cr495212\dwproperty_webform.pbt_build\dwproperty\..\dwproperty_root\file\common\c" 

H:\work_app\program-test\cr495212\dwproperty_webform.pbt_build\dwproperty>if exist "H:\work_app\program-test\cr495212\dwproperty_webform.pbt_build\dwproperty\..\dwproperty_root\file\common\d" rd /s /q "H:\work_app\program-test\cr495212\dwproperty_webform.pbt_build\dwproperty\..\dwproperty_root\file\common\d" 

H:\work_app\program-test\cr495212\dwproperty_webform.pbt_build\dwproperty>if exist "H:\work_app\program-test\cr495212\dwproperty_webform.pbt_build\dwproperty\..\dwproperty_root\file\common\e" rd /s /q "H:\work_app\program-test\cr495212\dwproperty_webform.pbt_build\dwproperty\..\dwproperty_root\file\common\e" 

H:\work_app\program-test\cr495212\dwproperty_webform.pbt_build\dwproperty>if exist "H:\work_app\program-test\cr495212\dwproperty_webform.pbt_build\dwproperty\..\dwproperty_root\file\common\f" rd /s /q "H:\work_app\program-test\cr495212\dwproperty_webform.pbt_build\dwproperty\..\dwproperty_root\file\common\f" 

H:\work_app\program-test\cr495212\dwproperty_webform.pbt_build\dwproperty>if exist "H:\work_app\program-test\cr495212\dwproperty_webform.pbt_build\dwproperty\..\dwproperty_root\file\common\g" rd /s /q "H:\work_app\program-test\cr495212\dwproperty_webform.pbt_build\dwproperty\..\dwproperty_root\file\common\g" 

H:\work_app\program-test\cr495212\dwproperty_webform.pbt_build\dwproperty>if exist "H:\work_app\program-test\cr495212\dwproperty_webform.pbt_build\dwproperty\..\dwproperty_root\file\common\h" rd /s /q "H:\work_app\program-test\cr495212\dwproperty_webform.pbt_build\dwproperty\..\dwproperty_root\file\common\h" 

H:\work_app\program-test\cr495212\dwproperty_webform.pbt_build\dwproperty>if exist "H:\work_app\program-test\cr495212\dwproperty_webform.pbt_build\dwproperty\..\dwproperty_root\file\common\i" rd /s /q "H:\work_app\program-test\cr495212\dwproperty_webform.pbt_build\dwproperty\..\dwproperty_root\file\common\i" 

H:\work_app\program-test\cr495212\dwproperty_webform.pbt_build\dwproperty>if exist "H:\work_app\program-test\cr495212\dwproperty_webform.pbt_build\dwproperty\..\dwproperty_root\file\common\j" rd /s /q "H:\work_app\program-test\cr495212\dwproperty_webform.pbt_build\dwproperty\..\dwproperty_root\file\common\j" 

H:\work_app\program-test\cr495212\dwproperty_webform.pbt_build\dwproperty>if exist "H:\work_app\program-test\cr495212\dwproperty_webform.pbt_build\dwproperty\..\dwproperty_root\file\common\k" rd /s /q "H:\work_app\program-test\cr495212\dwproperty_webform.pbt_build\dwproperty\..\dwproperty_root\file\common\k" 

H:\work_app\program-test\cr495212\dwproperty_webform.pbt_build\dwproperty>if exist "H:\work_app\program-test\cr495212\dwproperty_webform.pbt_build\dwproperty\..\dwproperty_root\file\common\l" rd /s /q "H:\work_app\program-test\cr495212\dwproperty_webform.pbt_build\dwproperty\..\dwproperty_root\file\common\l" 

H:\work_app\program-test\cr495212\dwproperty_webform.pbt_build\dwproperty>if exist "H:\work_app\program-test\cr495212\dwproperty_webform.pbt_build\dwproperty\..\dwproperty_root\file\common\m" rd /s /q "H:\work_app\program-test\cr495212\dwproperty_webform.pbt_build\dwproperty\..\dwproperty_root\file\common\m" 

H:\work_app\program-test\cr495212\dwproperty_webform.pbt_build\dwproperty>if exist "H:\work_app\program-test\cr495212\dwproperty_webform.pbt_build\dwproperty\..\dwproperty_root\file\common\n" rd /s /q "H:\work_app\program-test\cr495212\dwproperty_webform.pbt_build\dwproperty\..\dwproperty_root\file\common\n" 

H:\work_app\program-test\cr495212\dwproperty_webform.pbt_build\dwproperty>if exist "H:\work_app\program-test\cr495212\dwproperty_webform.pbt_build\dwproperty\..\dwproperty_root\file\common\o" rd /s /q "H:\work_app\program-test\cr495212\dwproperty_webform.pbt_build\dwproperty\..\dwproperty_root\file\common\o" 

H:\work_app\program-test\cr495212\dwproperty_webform.pbt_build\dwproperty>if exist "H:\work_app\program-test\cr495212\dwproperty_webform.pbt_build\dwproperty\..\dwproperty_root\file\common\p" rd /s /q "H:\work_app\program-test\cr495212\dwproperty_webform.pbt_build\dwproperty\..\dwproperty_root\file\common\p" 

H:\work_app\program-test\cr495212\dwproperty_webform.pbt_build\dwproperty>if exist "H:\work_app\program-test\cr495212\dwproperty_webform.pbt_build\dwproperty\..\dwproperty_root\file\common\q" rd /s /q "H:\work_app\program-test\cr495212\dwproperty_webform.pbt_build\dwproperty\..\dwproperty_root\file\common\q" 

H:\work_app\program-test\cr495212\dwproperty_webform.pbt_build\dwproperty>if exist "H:\work_app\program-test\cr495212\dwproperty_webform.pbt_build\dwproperty\..\dwproperty_root\file\common\r" rd /s /q "H:\work_app\program-test\cr495212\dwproperty_webform.pbt_build\dwproperty\..\dwproperty_root\file\common\r" 

H:\work_app\program-test\cr495212\dwproperty_webform.pbt_build\dwproperty>if exist "H:\work_app\program-test\cr495212\dwproperty_webform.pbt_build\dwproperty\..\dwproperty_root\file\common\s" rd /s /q "H:\work_app\program-test\cr495212\dwproperty_webform.pbt_build\dwproperty\..\dwproperty_root\file\common\s" 

H:\work_app\program-test\cr495212\dwproperty_webform.pbt_build\dwproperty>if exist "H:\work_app\program-test\cr495212\dwproperty_webform.pbt_build\dwproperty\..\dwproperty_root\file\common\t" rd /s /q "H:\work_app\program-test\cr495212\dwproperty_webform.pbt_build\dwproperty\..\dwproperty_root\file\common\t" 

H:\work_app\program-test\cr495212\dwproperty_webform.pbt_build\dwproperty>if exist "H:\work_app\program-test\cr495212\dwproperty_webform.pbt_build\dwproperty\..\dwproperty_root\file\common\u" rd /s /q "H:\work_app\program-test\cr495212\dwproperty_webform.pbt_build\dwproperty\..\dwproperty_root\file\common\u" 

H:\work_app\program-test\cr495212\dwproperty_webform.pbt_build\dwproperty>if exist "H:\work_app\program-test\cr495212\dwproperty_webform.pbt_build\dwproperty\..\dwproperty_root\file\common\v" rd /s /q "H:\work_app\program-test\cr495212\dwproperty_webform.pbt_build\dwproperty\..\dwproperty_root\file\common\v" 

H:\work_app\program-test\cr495212\dwproperty_webform.pbt_build\dwproperty>if exist "H:\work_app\program-test\cr495212\dwproperty_webform.pbt_build\dwproperty\..\dwproperty_root\file\common\w" rd /s /q "H:\work_app\program-test\cr495212\dwproperty_webform.pbt_build\dwproperty\..\dwproperty_root\file\common\w" 

H:\work_app\program-test\cr495212\dwproperty_webform.pbt_build\dwproperty>if exist "H:\work_app\program-test\cr495212\dwproperty_webform.pbt_build\dwproperty\..\dwproperty_root\file\common\x" rd /s /q "H:\work_app\program-test\cr495212\dwproperty_webform.pbt_build\dwproperty\..\dwproperty_root\file\common\x" 

H:\work_app\program-test\cr495212\dwproperty_webform.pbt_build\dwproperty>if exist "H:\work_app\program-test\cr495212\dwproperty_webform.pbt_build\dwproperty\..\dwproperty_root\file\common\y" rd /s /q "H:\work_app\program-test\cr495212\dwproperty_webform.pbt_build\dwproperty\..\dwproperty_root\file\common\y" 

H:\work_app\program-test\cr495212\dwproperty_webform.pbt_build\dwproperty>if exist "H:\work_app\program-test\cr495212\dwproperty_webform.pbt_build\dwproperty\..\dwproperty_root\file\common\z" rd /s /q "H:\work_app\program-test\cr495212\dwproperty_webform.pbt_build\dwproperty\..\dwproperty_root\file\common\z" 

H:\work_app\program-test\cr495212\dwproperty_webform.pbt_build\dwproperty>rename "H:\work_app\program-test\cr495212\dwproperty_webform.pbt_build\dwproperty\AssemblyInfo.bak" "AssemblyInfo.cs" 

H:\work_app\program-test\cr495212\dwproperty_webform.pbt_build\dwproperty>"D:\program files\pb11\PowerBuilder 11.0\DotNET\bin\pb2cs" @"H:\work_app\program-test\cr495212\dwproperty_webform.pbt_build\projectinfo.txt" 
Type-checking (pass 1) system (system)
Parsing h:\work_app\program-test\cr495212\dwproperty.pbl (dwproperty)
Type-checking (pass 1) h:\work_app\program-test\cr495212\dwproperty.pbl (dwproperty)
Type-checking (pass 1) h:\work_app\program-test\cr495212\dwproperty.pbl (dwproperty)
Type-checking (pass 1) h:\work_app\program-test\cr495212\dwproperty.pbl (dwproperty)
Type-checking prototypes/instance variables(pass 2) 
Type-checking (pass 1)  (nvo_control_sqlca)
Type-checking prototypes/instance variables(pass 2) 
Type-checking (pass 1)  (nvo_datastore)
Type-checking prototypes/instance variables(pass 2) 
Type-checking (pass 1)  (nvo_results)
Type-checking prototypes/instance variables(pass 2) 
Type-checking (pass 1)  (w_test_controller)
Type-checking prototypes/instance variables(pass 2) 
Type-checking (pass 1)  (str_memorystatus)
Type-checking prototypes/instance variables(pass 2) 
Type-checking (pass 1)  (uo_memory)
Type-checking prototypes/instance variables(pass 2) 
Type-checking (pass 1)  (w_browsecycle)
Type-checking prototypes/instance variables(pass 2) 
Type-checking (pass 1)  (w_main)
Type-checking prototypes/instance variables(pass 2) 
Type-checking (pass 1)  (w_results)
Type-checking prototypes/instance variables(pass 2) 
Type-checking (pass 1)  (w_starttrace)
Type-checking prototypes/instance variables(pass 2) 
Type-checking methods(pass 2) h:\work_app\program-test\cr495212\dwproperty.pbl (dwproperty)
Emitting h:\work_app\program-test\cr495212\dwproperty.pbl (dwproperty)
Emitting h:\work_app\program-test\cr495212\dwproperty.pbl (dwproperty)


Error Summary : 0 error(s) 



Warning Summary : 0 warning(s) 



Compile complete -- 0 error(s), 0 warning(s)


H:\work_app\program-test\cr495212\dwproperty_webform.pbt_build\dwproperty>if ERRORLEVEL 1 exit 1 

H:\work_app\program-test\cr495212\dwproperty_webform.pbt_build\dwproperty>call build.bat c- "H:\work_app\program-test\cr495212\dwproperty_webform.pbt_build\csc_output_file_name.txt" 

H:\work_app\program-test\cr495212\dwproperty_webform.pbt_build\dwproperty>rem setlocal 

H:\work_app\program-test\cr495212\dwproperty_webform.pbt_build\dwproperty>if "c-" == "" goto usage  

H:\work_app\program-test\cr495212\dwproperty_webform.pbt_build\dwproperty>if "D:\program files\pb11\PowerBuilder 11.0\DotNET" == "" goto sethome 

H:\work_app\program-test\cr495212\dwproperty_webform.pbt_build\dwproperty>if "" == "" set PB_WEBROOT=D:\program files\pb11\PowerBuilder 11.0\DotNET\webroot 

H:\work_app\program-test\cr495212\dwproperty_webform.pbt_build\dwproperty>if "" == "" set MS_AJAX_EXT_DLL=E:\WINDOWS\assembly\GAC_MSIL\System.Web.Extensions\1.0.61025.0__31bf3856ad364e35\System.Web.Extensions.dll 

H:\work_app\program-test\cr495212\dwproperty_webform.pbt_build\dwproperty>md debug 
A subdirectory or file debug already exists.

H:\work_app\program-test\cr495212\dwproperty_webform.pbt_build\dwproperty>md images 

H:\work_app\program-test\cr495212\dwproperty_webform.pbt_build\dwproperty>md scripts 

H:\work_app\program-test\cr495212\dwproperty_webform.pbt_build\dwproperty>md temp 

H:\work_app\program-test\cr495212\dwproperty_webform.pbt_build\dwproperty>set PBROOTDIR="..\dwproperty_root" 

H:\work_app\program-test\cr495212\dwproperty_webform.pbt_build\dwproperty>md "..\dwproperty_root"\mail\users 

H:\work_app\program-test\cr495212\dwproperty_webform.pbt_build\dwproperty>md "..\dwproperty_root"\mail\session 

H:\work_app\program-test\cr495212\dwproperty_webform.pbt_build\dwproperty>md "..\dwproperty_root"\print\users 

H:\work_app\program-test\cr495212\dwproperty_webform.pbt_build\dwproperty>md "..\dwproperty_root"\print\session 

H:\work_app\program-test\cr495212\dwproperty_webform.pbt_build\dwproperty>md "..\dwproperty_root"\log 

H:\work_app\program-test\cr495212\dwproperty_webform.pbt_build\dwproperty>md "..\dwproperty_root"\file\icon 

H:\work_app\program-test\cr495212\dwproperty_webform.pbt_build\dwproperty>md "..\dwproperty_root"\file\users 

H:\work_app\program-test\cr495212\dwproperty_webform.pbt_build\dwproperty>md "..\dwproperty_root"\file\session 

H:\work_app\program-test\cr495212\dwproperty_webform.pbt_build\dwproperty>set PB_WEBFILEC="..\dwproperty_root"\file\common\c 

H:\work_app\program-test\cr495212\dwproperty_webform.pbt_build\dwproperty>md "..\dwproperty_root"\file\common\c\temp 

H:\work_app\program-test\cr495212\dwproperty_webform.pbt_build\dwproperty>set PB_WEBLIBDIR="..\dwproperty_root"\file\common\c\~pl_ 

H:\work_app\program-test\cr495212\dwproperty_webform.pbt_build\dwproperty>md "..\dwproperty_root"\file\common\c\~pl_ 

H:\work_app\program-test\cr495212\dwproperty_webform.pbt_build\dwproperty>if "H:\work_app\program-test\cr495212\dwproperty_webform.pbt_build\csc_output_file_name.txt" == "" (
net user ASPNET  
  
 goto groupstep_iis6  
 cacls temp /t /e /c /g ASPNET:f  
 cacls "..\dwproperty_root" /t /e /c /g ASPNET:f  
 net localgroup IIS_WPG  
  
 goto groupstep_iis7  
 cacls temp /t /e /c /g IIS_WPG:f  
 cacls "..\dwproperty_root" /t /e /c /g IIS_WPG:f  
 net localgroup IIS_IUSRS  
  
 goto copystep  
 cacls temp /t /e /c /g IIS_IUSRS:f  
 cacls "..\dwproperty_root" /t /e /c /g IIS_IUSRS:f 
) 

H:\work_app\program-test\cr495212\dwproperty_webform.pbt_build\dwproperty>if "c-" == "c-" goto notcopy 

H:\work_app\program-test\cr495212\dwproperty_webform.pbt_build\dwproperty>xcopy /D /Y /E "D:\program files\pb11\PowerBuilder 11.0\DotNET\webroot\*.*" . 
D:\program files\pb11\PowerBuilder 11.0\DotNET\webroot\classic.css
D:\program files\pb11\PowerBuilder 11.0\DotNET\webroot\default.htm
D:\program files\pb11\PowerBuilder 11.0\DotNET\webroot\download.htm
D:\program files\pb11\PowerBuilder 11.0\DotNET\webroot\execute_error.htm
D:\program files\pb11\PowerBuilder 11.0\DotNET\webroot\Global.asax
D:\program files\pb11\PowerBuilder 11.0\DotNET\webroot\Global.asax.cs
D:\program files\pb11\PowerBuilder 11.0\DotNET\webroot\Global.asax.resx
D:\program files\pb11\PowerBuilder 11.0\DotNET\webroot\GraphStreamImageContainerPage.aspx
D:\program files\pb11\PowerBuilder 11.0\DotNET\webroot\iframe_control.htm
D:\program files\pb11\PowerBuilder 11.0\DotNET\webroot\Login.aspx
D:\program files\pb11\PowerBuilder 11.0\DotNET\webroot\pbopenfile.aspx
D:\program files\pb11\PowerBuilder 11.0\DotNET\webroot\pbopenfile.aspx.cs
D:\program files\pb11\PowerBuilder 11.0\DotNET\webroot\pbuploadfile.aspx
D:\program files\pb11\PowerBuilder 11.0\DotNET\webroot\pbuploadfile.aspx.cs
D:\program files\pb11\PowerBuilder 11.0\DotNET\webroot\StreamImageContainerPage.aspx
D:\program files\pb11\PowerBuilder 11.0\DotNET\webroot\too_many_users.htm
D:\program files\pb11\PowerBuilder 11.0\DotNET\webroot\UsersInit.aspx
D:\program files\pb11\PowerBuilder 11.0\DotNET\webroot\wait.htm
D:\program files\pb11\PowerBuilder 11.0\DotNET\webroot\xp.css
D:\program files\pb11\PowerBuilder 11.0\DotNET\webroot\admin\UserAdd.aspx
D:\program files\pb11\PowerBuilder 11.0\DotNET\webroot\admin\UserAdd.aspx.cs
D:\program files\pb11\PowerBuilder 11.0\DotNET\webroot\admin\UserEdit.aspx
D:\program files\pb11\PowerBuilder 11.0\DotNET\webroot\admin\UserEdit.aspx.cs
D:\program files\pb11\PowerBuilder 11.0\DotNET\webroot\admin\Users.aspx
D:\program files\pb11\PowerBuilder 11.0\DotNET\webroot\admin\Users.aspx.cs
D:\program files\pb11\PowerBuilder 11.0\DotNET\webroot\images\ajax-loader.gif
D:\program files\pb11\PowerBuilder 11.0\DotNET\webroot\images\arrow_black.gif
D:\program files\pb11\PowerBuilder 11.0\DotNET\webroot\images\bg.gif
D:\program files\pb11\PowerBuilder 11.0\DotNET\webroot\images\Bgcolor.gif
D:\program files\pb11\PowerBuilder 11.0\DotNET\webroot\images\Bold.gif
D:\program files\pb11\PowerBuilder 11.0\DotNET\webroot\images\break.gif
D:\program files\pb11\PowerBuilder 11.0\DotNET\webroot\images\Bullist.gif
D:\program files\pb11\PowerBuilder 11.0\DotNET\webroot\images\Center.gif
D:\program files\pb11\PowerBuilder 11.0\DotNET\webroot\images\checkbox_1_2.jpg
D:\program files\pb11\PowerBuilder 11.0\DotNET\webroot\images\classic_checkbox_1_1_0.jpg
D:\program files\pb11\PowerBuilder 11.0\DotNET\webroot\images\classic_checkbox_1_1_1.jpg
D:\program files\pb11\PowerBuilder 11.0\DotNET\webroot\images\classic_checkbox_1_2_0.jpg
D:\program files\pb11\PowerBuilder 11.0\DotNET\webroot\images\classic_checkbox_1_2_1.jpg
D:\program files\pb11\PowerBuilder 11.0\DotNET\webroot\images\classic_checkbox_1_3_0.jpg
D:\program files\pb11\PowerBuilder 11.0\DotNET\webroot\images\classic_checkbox_1_3_1.jpg
D:\program files\pb11\PowerBuilder 11.0\DotNET\webroot\images\classic_checkbox_2_1_0.jpg
D:\program files\pb11\PowerBuilder 11.0\DotNET\webroot\images\classic_checkbox_2_1_1.jpg
D:\program files\pb11\PowerBuilder 11.0\DotNET\webroot\images\classic_checkbox_2_2_0.jpg
D:\program files\pb11\PowerBuilder 11.0\DotNET\webroot\images\classic_checkbox_2_2_1.jpg
D:\program files\pb11\PowerBuilder 11.0\DotNET\webroot\images\classic_checkbox_2_3_0.jpg
D:\program files\pb11\PowerBuilder 11.0\DotNET\webroot\images\classic_checkbox_2_3_1.jpg
D:\program files\pb11\PowerBuilder 11.0\DotNET\webroot\images\classic_close.gif
D:\program files\pb11\PowerBuilder 11.0\DotNET\webroot\images\classic_max.gif
D:\program files\pb11\PowerBuilder 11.0\DotNET\webroot\images\classic_min.gif
D:\program files\pb11\PowerBuilder 11.0\DotNET\webroot\images\classic_restore.gif
D:\program files\pb11\PowerBuilder 11.0\DotNET\webroot\images\ClipboardPaste.gif
D:\program files\pb11\PowerBuilder 11.0\DotNET\webroot\images\close.gif
D:\program files\pb11\PowerBuilder 11.0\DotNET\webroot\images\Copy.gif
D:\program files\pb11\PowerBuilder 11.0\DotNET\webroot\images\Cut.gif
D:\program files\pb11\PowerBuilder 11.0\DotNET\webroot\images\Date.gif
D:\program files\pb11\PowerBuilder 11.0\DotNET\webroot\images\dddw.gif
D:\program files\pb11\PowerBuilder 11.0\DotNET\webroot\images\dddw1.gif
D:\program files\pb11\PowerBuilder 11.0\DotNET\webroot\images\def_top_left.PNG
D:\program files\pb11\PowerBuilder 11.0\DotNET\webroot\images\def_top_right.PNG
D:\program files\pb11\PowerBuilder 11.0\DotNET\webroot\images\disable_scr_down.PNG
D:\program files\pb11\PowerBuilder 11.0\DotNET\webroot\images\disable_scr_down_xp.png
D:\program files\pb11\PowerBuilder 11.0\DotNET\webroot\images\down.PNG
D:\program files\pb11\PowerBuilder 11.0\DotNET\webroot\images\downdisable.bmp
D:\program files\pb11\PowerBuilder 11.0\DotNET\webroot\images\downenable.bmp
D:\program files\pb11\PowerBuilder 11.0\DotNET\webroot\images\drive.gif
D:\program files\pb11\PowerBuilder 11.0\DotNET\webroot\images\editdisable.bmp
D:\program files\pb11\PowerBuilder 11.0\DotNET\webroot\images\editenable.bmp
D:\program files\pb11\PowerBuilder 11.0\DotNET\webroot\images\excl.GIF
D:\program files\pb11\PowerBuilder 11.0\DotNET\webroot\images\Fgcolor.gif
D:\program files\pb11\PowerBuilder 11.0\DotNET\webroot\images\filemanager.gif
D:\program files\pb11\PowerBuilder 11.0\DotNET\webroot\images\fndragno.cur
D:\program files\pb11\PowerBuilder 11.0\DotNET\webroot\images\folder.gif
D:\program files\pb11\PowerBuilder 11.0\DotNET\webroot\images\folderopen.gif
D:\program files\pb11\PowerBuilder 11.0\DotNET\webroot\images\gray.gif
D:\program files\pb11\PowerBuilder 11.0\DotNET\webroot\images\HSeparator.gif
D:\program files\pb11\PowerBuilder 11.0\DotNET\webroot\images\htrack.PNG
D:\program files\pb11\PowerBuilder 11.0\DotNET\webroot\images\h_thumb_back_ground_xp.bmp
D:\program files\pb11\PowerBuilder 11.0\DotNET\webroot\images\Image.gif
D:\program files\pb11\PowerBuilder 11.0\DotNET\webroot\images\Indent.gif
D:\program files\pb11\PowerBuilder 11.0\DotNET\webroot\images\info.GIF
D:\program files\pb11\PowerBuilder 11.0\DotNET\webroot\images\InsertTable.gif
D:\program files\pb11\PowerBuilder 11.0\DotNET\webroot\images\Italic.gif
D:\program files\pb11\PowerBuilder 11.0\DotNET\webroot\images\Left.gif
D:\program files\pb11\PowerBuilder 11.0\DotNET\webroot\images\left.png
D:\program files\pb11\PowerBuilder 11.0\DotNET\webroot\images\Link.gif
D:\program files\pb11\PowerBuilder 11.0\DotNET\webroot\images\mailprofilemgr.GIF
D:\program files\pb11\PowerBuilder 11.0\DotNET\webroot\images\max.gif
D:\program files\pb11\PowerBuilder 11.0\DotNET\webroot\images\min.gif
D:\program files\pb11\PowerBuilder 11.0\DotNET\webroot\images\mode.gif
D:\program files\pb11\PowerBuilder 11.0\DotNET\webroot\images\null.gif
D:\program files\pb11\PowerBuilder 11.0\DotNET\webroot\images\Numlist.gif
D:\program files\pb11\PowerBuilder 11.0\DotNET\webroot\images\Outdent.gif
D:\program files\pb11\PowerBuilder 11.0\DotNET\webroot\images\Paste.gif
D:\program files\pb11\PowerBuilder 11.0\DotNET\webroot\images\printer.gif
D:\program files\pb11\PowerBuilder 11.0\DotNET\webroot\images\printmanager.gif
D:\program files\pb11\PowerBuilder 11.0\DotNET\webroot\images\quest.GIF
D:\program files\pb11\PowerBuilder 11.0\DotNET\webroot\images\RadToolbarLeft_c.bmp
D:\program files\pb11\PowerBuilder 11.0\DotNET\webroot\images\removedisable.bmp
D:\program files\pb11\PowerBuilder 11.0\DotNET\webroot\images\removeenable.bmp
D:\program files\pb11\PowerBuilder 11.0\DotNET\webroot\images\restore.gif
D:\program files\pb11\PowerBuilder 11.0\DotNET\webroot\images\Right.gif
D:\program files\pb11\PowerBuilder 11.0\DotNET\webroot\images\right.PNG
D:\program files\pb11\PowerBuilder 11.0\DotNET\webroot\images\root.gif
D:\program files\pb11\PowerBuilder 11.0\DotNET\webroot\images\scr_down.PNG
D:\program files\pb11\PowerBuilder 11.0\DotNET\webroot\images\scr_down_xp.PNG
D:\program files\pb11\PowerBuilder 11.0\DotNET\webroot\images\scr_left.PNG
D:\program files\pb11\PowerBuilder 11.0\DotNET\webroot\images\scr_left_xp.PNG
D:\program files\pb11\PowerBuilder 11.0\DotNET\webroot\images\scr_right.PNG
D:\program files\pb11\PowerBuilder 11.0\DotNET\webroot\images\scr_right_xp.PNG
D:\program files\pb11\PowerBuilder 11.0\DotNET\webroot\images\scr_up.PNG
D:\program files\pb11\PowerBuilder 11.0\DotNET\webroot\images\scr_up_xp.PNG
D:\program files\pb11\PowerBuilder 11.0\DotNET\webroot\images\Show.gif
D:\program files\pb11\PowerBuilder 11.0\DotNET\webroot\images\Spacer.gif
D:\program files\pb11\PowerBuilder 11.0\DotNET\webroot\images\stop.GIF
D:\program files\pb11\PowerBuilder 11.0\DotNET\webroot\images\Table.gif
D:\program files\pb11\PowerBuilder 11.0\DotNET\webroot\images\tab_left.PNG
D:\program files\pb11\PowerBuilder 11.0\DotNET\webroot\images\tab_left_bottom.PNG
D:\program files\pb11\PowerBuilder 11.0\DotNET\webroot\images\tab_left_top.PNG
D:\program files\pb11\PowerBuilder 11.0\DotNET\webroot\images\tab_scr_down.PNG
D:\program files\pb11\PowerBuilder 11.0\DotNET\webroot\images\tab_scr_left.PNG
D:\program files\pb11\PowerBuilder 11.0\DotNET\webroot\images\tab_scr_right.PNG
D:\program files\pb11\PowerBuilder 11.0\DotNET\webroot\images\tab_scr_up.PNG
D:\program files\pb11\PowerBuilder 11.0\DotNET\webroot\images\tab_top.PNG
D:\program files\pb11\PowerBuilder 11.0\DotNET\webroot\images\tab_top_left.PNG
D:\program files\pb11\PowerBuilder 11.0\DotNET\webroot\images\tab_top_right.PNG
D:\program files\pb11\PowerBuilder 11.0\DotNET\webroot\images\thememanager.gif
D:\program files\pb11\PowerBuilder 11.0\DotNET\webroot\images\thumb.png
D:\program files\pb11\PowerBuilder 11.0\DotNET\webroot\images\thumb_mouse_down.png
D:\program files\pb11\PowerBuilder 11.0\DotNET\webroot\images\Underline.gif
D:\program files\pb11\PowerBuilder 11.0\DotNET\webroot\images\up.PNG
D:\program files\pb11\PowerBuilder 11.0\DotNET\webroot\images\uparrow.cur
D:\program files\pb11\PowerBuilder 11.0\DotNET\webroot\images\updisable.bmp
D:\program files\pb11\PowerBuilder 11.0\DotNET\webroot\images\upenable.bmp
D:\program files\pb11\PowerBuilder 11.0\DotNET\webroot\images\VSeparator.gif
D:\program files\pb11\PowerBuilder 11.0\DotNET\webroot\images\vtrack.PNG
D:\program files\pb11\PowerBuilder 11.0\DotNET\webroot\images\v_thumb_back_ground_xp.bmp
D:\program files\pb11\PowerBuilder 11.0\DotNET\webroot\images\xp_checkbox_1_1_0.jpg
D:\program files\pb11\PowerBuilder 11.0\DotNET\webroot\images\xp_checkbox_1_1_1.jpg
D:\program files\pb11\PowerBuilder 11.0\DotNET\webroot\images\xp_checkbox_1_2_0.jpg
D:\program files\pb11\PowerBuilder 11.0\DotNET\webroot\images\xp_checkbox_1_2_1.jpg
D:\program files\pb11\PowerBuilder 11.0\DotNET\webroot\images\xp_checkbox_1_3_0.jpg
D:\program files\pb11\PowerBuilder 11.0\DotNET\webroot\images\xp_checkbox_1_3_1.jpg
D:\program files\pb11\PowerBuilder 11.0\DotNET\webroot\images\xp_checkbox_2_1_0.jpg
D:\program files\pb11\PowerBuilder 11.0\DotNET\webroot\images\xp_checkbox_2_1_1.jpg
D:\program files\pb11\PowerBuilder 11.0\DotNET\webroot\images\xp_checkbox_2_2_0.jpg
D:\program files\pb11\PowerBuilder 11.0\DotNET\webroot\images\xp_checkbox_2_2_1.jpg
D:\program files\pb11\PowerBuilder 11.0\DotNET\webroot\images\xp_checkbox_2_3_0.jpg
D:\program files\pb11\PowerBuilder 11.0\DotNET\webroot\images\xp_checkbox_2_3_1.jpg
D:\program files\pb11\PowerBuilder 11.0\DotNET\webroot\images\xp_close.gif
D:\program files\pb11\PowerBuilder 11.0\DotNET\webroot\images\xp_max.gif
D:\program files\pb11\PowerBuilder 11.0\DotNET\webroot\images\xp_min.gif
D:\program files\pb11\PowerBuilder 11.0\DotNET\webroot\images\xp_restore.gif
D:\program files\pb11\PowerBuilder 11.0\DotNET\webroot\images\xp_titlebar.JPG
D:\program files\pb11\PowerBuilder 11.0\DotNET\webroot\images\res\algnbot.bmp
D:\program files\pb11\PowerBuilder 11.0\DotNET\webroot\images\res\algncntr.bmp
D:\program files\pb11\PowerBuilder 11.0\DotNET\webroot\images\res\algnhcnt.bmp
D:\program files\pb11\PowerBuilder 11.0\DotNET\webroot\images\res\algnleft.bmp
D:\program files\pb11\PowerBuilder 11.0\DotNET\webroot\images\res\algnrght.bmp
D:\program files\pb11\PowerBuilder 11.0\DotNET\webroot\images\res\algntop.bmp
D:\program files\pb11\PowerBuilder 11.0\DotNET\webroot\images\res\appstarting.bmp
D:\program files\pb11\PowerBuilder 11.0\DotNET\webroot\images\res\area2d.ico
D:\program files\pb11\PowerBuilder 11.0\DotNET\webroot\images\res\area3d.ico
D:\program files\pb11\PowerBuilder 11.0\DotNET\webroot\images\res\bar2d.ico
D:\program files\pb11\PowerBuilder 11.0\DotNET\webroot\images\res\bar3d.ico
D:\program files\pb11\PowerBuilder 11.0\DotNET\webroot\images\res\bar3dobj.ico
D:\program files\pb11\PowerBuilder 11.0\DotNET\webroot\images\res\barst3do.ico
D:\program files\pb11\PowerBuilder 11.0\DotNET\webroot\images\res\barstack.ico
D:\program files\pb11\PowerBuilder 11.0\DotNET\webroot\images\res\col2d.ico
D:\program files\pb11\PowerBuilder 11.0\DotNET\webroot\images\res\col3d.ico
D:\program files\pb11\PowerBuilder 11.0\DotNET\webroot\images\res\col3dobj.ico
D:\program files\pb11\PowerBuilder 11.0\DotNET\webroot\images\res\colst3do.ico
D:\program files\pb11\PowerBuilder 11.0\DotNET\webroot\images\res\colstack.ico
D:\program files\pb11\PowerBuilder 11.0\DotNET\webroot\images\res\dtpmask.bmp
D:\program files\pb11\PowerBuilder 11.0\DotNET\webroot\images\res\dwsyntax.ico
D:\program files\pb11\PowerBuilder 11.0\DotNET\webroot\images\res\epgchkdd.bmp
D:\program files\pb11\PowerBuilder 11.0\DotNET\webroot\images\res\epgchked.bmp
D:\program files\pb11\PowerBuilder 11.0\DotNET\webroot\images\res\exclamation.ico
D:\program files\pb11\PowerBuilder 11.0\DotNET\webroot\images\res\fn0600.bmp
D:\program files\pb11\PowerBuilder 11.0\DotNET\webroot\images\res\fn0602.bmp
D:\program files\pb11\PowerBuilder 11.0\DotNET\webroot\images\res\fn0604.bmp
D:\program files\pb11\PowerBuilder 11.0\DotNET\webroot\images\res\fn0700.bmp
D:\program files\pb11\PowerBuilder 11.0\DotNET\webroot\images\res\fn0702.bmp
D:\program files\pb11\PowerBuilder 11.0\DotNET\webroot\images\res\fn0704.bmp
D:\program files\pb11\PowerBuilder 11.0\DotNET\webroot\images\res\fn1000.bmp
D:\program files\pb11\PowerBuilder 11.0\DotNET\webroot\images\res\fn1000.ico
D:\program files\pb11\PowerBuilder 11.0\DotNET\webroot\images\res\fn1002.bmp
D:\program files\pb11\PowerBuilder 11.0\DotNET\webroot\images\res\fn1002.ico
D:\program files\pb11\PowerBuilder 11.0\DotNET\webroot\images\res\fn1004.bmp
D:\program files\pb11\PowerBuilder 11.0\DotNET\webroot\images\res\fn1004.ico
D:\program files\pb11\PowerBuilder 11.0\DotNET\webroot\images\res\fn1006.bmp
D:\program files\pb11\PowerBuilder 11.0\DotNET\webroot\images\res\fn1006.ico
D:\program files\pb11\PowerBuilder 11.0\DotNET\webroot\images\res\fn1008.bmp
D:\program files\pb11\PowerBuilder 11.0\DotNET\webroot\images\res\fn1008.ico
D:\program files\pb11\PowerBuilder 11.0\DotNET\webroot\images\res\fn1010.bmp
D:\program files\pb11\PowerBuilder 11.0\DotNET\webroot\images\res\fn1012.bmp
D:\program files\pb11\PowerBuilder 11.0\DotNET\webroot\images\res\fn1014.bmp
D:\program files\pb11\PowerBuilder 11.0\DotNET\webroot\images\res\fn1014.ico
D:\program files\pb11\PowerBuilder 11.0\DotNET\webroot\images\res\fn1016.bmp
D:\program files\pb11\PowerBuilder 11.0\DotNET\webroot\images\res\fn1018.bmp
D:\program files\pb11\PowerBuilder 11.0\DotNET\webroot\images\res\fn1018.ico
D:\program files\pb11\PowerBuilder 11.0\DotNET\webroot\images\res\fn1020.bmp
D:\program files\pb11\PowerBuilder 11.0\DotNET\webroot\images\res\fn1020.ico
D:\program files\pb11\PowerBuilder 11.0\DotNET\webroot\images\res\fn1022.bmp
D:\program files\pb11\PowerBuilder 11.0\DotNET\webroot\images\res\fn1022.ico
D:\program files\pb11\PowerBuilder 11.0\DotNET\webroot\images\res\fn1024.bmp
D:\program files\pb11\PowerBuilder 11.0\DotNET\webroot\images\res\fn1026.bmp
D:\program files\pb11\PowerBuilder 11.0\DotNET\webroot\images\res\fn1026.ico
D:\program files\pb11\PowerBuilder 11.0\DotNET\webroot\images\res\fn1030.bmp
D:\program files\pb11\PowerBuilder 11.0\DotNET\webroot\images\res\fn1030.ico
D:\program files\pb11\PowerBuilder 11.0\DotNET\webroot\images\res\fn1032.bmp
D:\program files\pb11\PowerBuilder 11.0\DotNET\webroot\images\res\fn1032.ico
D:\program files\pb11\PowerBuilder 11.0\DotNET\webroot\images\res\fn1034.bmp
D:\program files\pb11\PowerBuilder 11.0\DotNET\webroot\images\res\fn1034.ico
D:\program files\pb11\PowerBuilder 11.0\DotNET\webroot\images\res\fn1036.bmp
D:\program files\pb11\PowerBuilder 11.0\DotNET\webroot\images\res\fn1038.bmp
D:\program files\pb11\PowerBuilder 11.0\DotNET\webroot\images\res\fn1040.bmp
D:\program files\pb11\PowerBuilder 11.0\DotNET\webroot\images\res\fn1042.bmp
D:\program files\pb11\PowerBuilder 11.0\DotNET\webroot\images\res\fn1044.bmp
D:\program files\pb11\PowerBuilder 11.0\DotNET\webroot\images\res\fn1048.bmp
D:\program files\pb11\PowerBuilder 11.0\DotNET\webroot\images\res\fn1050.bmp
D:\program files\pb11\PowerBuilder 11.0\DotNET\webroot\images\res\fn1052.bmp
D:\program files\pb11\PowerBuilder 11.0\DotNET\webroot\images\res\fn1052.ico
D:\program files\pb11\PowerBuilder 11.0\DotNET\webroot\images\res\fn1054.bmp
D:\program files\pb11\PowerBuilder 11.0\DotNET\webroot\images\res\fn1056.bmp
D:\program files\pb11\PowerBuilder 11.0\DotNET\webroot\images\res\fn1060.bmp
D:\program files\pb11\PowerBuilder 11.0\DotNET\webroot\images\res\fn1060.ico
D:\program files\pb11\PowerBuilder 11.0\DotNET\webroot\images\res\fn1062.bmp
D:\program files\pb11\PowerBuilder 11.0\DotNET\webroot\images\res\fn1064.bmp
D:\program files\pb11\PowerBuilder 11.0\DotNET\webroot\images\res\fn1064.ico
D:\program files\pb11\PowerBuilder 11.0\DotNET\webroot\images\res\fn1068.bmp
D:\program files\pb11\PowerBuilder 11.0\DotNET\webroot\images\res\fn1070.bmp
D:\program files\pb11\PowerBuilder 11.0\DotNET\webroot\images\res\fn1074.bmp
D:\program files\pb11\PowerBuilder 11.0\DotNET\webroot\images\res\fn1076.bmp
D:\program files\pb11\PowerBuilder 11.0\DotNET\webroot\images\res\fn1076.ico
D:\program files\pb11\PowerBuilder 11.0\DotNET\webroot\images\res\fn1078.bmp
D:\program files\pb11\PowerBuilder 11.0\DotNET\webroot\images\res\fn1080.bmp
D:\program files\pb11\PowerBuilder 11.0\DotNET\webroot\images\res\fn1082.bmp
D:\program files\pb11\PowerBuilder 11.0\DotNET\webroot\images\res\fn1084.bmp
D:\program files\pb11\PowerBuilder 11.0\DotNET\webroot\images\res\fn1086.bmp
D:\program files\pb11\PowerBuilder 11.0\DotNET\webroot\images\res\fn1088.bmp
D:\program files\pb11\PowerBuilder 11.0\DotNET\webroot\images\res\fn1090.bmp
D:\program files\pb11\PowerBuilder 11.0\DotNET\webroot\images\res\fn1092.bmp
D:\program files\pb11\PowerBuilder 11.0\DotNET\webroot\images\res\fn1094.bmp
D:\program files\pb11\PowerBuilder 11.0\DotNET\webroot\images\res\fn1096.bmp
D:\program files\pb11\PowerBuilder 11.0\DotNET\webroot\images\res\fn1098.bmp
D:\program files\pb11\PowerBuilder 11.0\DotNET\webroot\images\res\fn1100.bmp
D:\program files\pb11\PowerBuilder 11.0\DotNET\webroot\images\res\fn1100.ico
D:\program files\pb11\PowerBuilder 11.0\DotNET\webroot\images\res\fn1102.bmp
D:\program files\pb11\PowerBuilder 11.0\DotNET\webroot\images\res\fn1102.ico
D:\program files\pb11\PowerBuilder 11.0\DotNET\webroot\images\res\fn1104.bmp
D:\program files\pb11\PowerBuilder 11.0\DotNET\webroot\images\res\fn1106.bmp
D:\program files\pb11\PowerBuilder 11.0\DotNET\webroot\images\res\fn1112.bmp
D:\program files\pb11\PowerBuilder 11.0\DotNET\webroot\images\res\fn1116.bmp
D:\program files\pb11\PowerBuilder 11.0\DotNET\webroot\images\res\fn1118.bmp
D:\program files\pb11\PowerBuilder 11.0\DotNET\webroot\images\res\fn1118.ico
D:\program files\pb11\PowerBuilder 11.0\DotNET\webroot\images\res\fn1120.bmp
D:\program files\pb11\PowerBuilder 11.0\DotNET\webroot\images\res\fn1124.bmp
D:\program files\pb11\PowerBuilder 11.0\DotNET\webroot\images\res\fn1126.ico
D:\program files\pb11\PowerBuilder 11.0\DotNET\webroot\images\res\fn1128.bmp
D:\program files\pb11\PowerBuilder 11.0\DotNET\webroot\images\res\fn1130.bmp
D:\program files\pb11\PowerBuilder 11.0\DotNET\webroot\images\res\fn1132.bmp
D:\program files\pb11\PowerBuilder 11.0\DotNET\webroot\images\res\fn1134.bmp
D:\program files\pb11\PowerBuilder 11.0\DotNET\webroot\images\res\fn1136.bmp
D:\program files\pb11\PowerBuilder 11.0\DotNET\webroot\images\res\fn1138.bmp
D:\program files\pb11\PowerBuilder 11.0\DotNET\webroot\images\res\fn1140.bmp
D:\program files\pb11\PowerBuilder 11.0\DotNET\webroot\images\res\fn1142.bmp
D:\program files\pb11\PowerBuilder 11.0\DotNET\webroot\images\res\fn1144.bmp
D:\program files\pb11\PowerBuilder 11.0\DotNET\webroot\images\res\fn1146.bmp
D:\program files\pb11\PowerBuilder 11.0\DotNET\webroot\images\res\fn1148.bmp
D:\program files\pb11\PowerBuilder 11.0\DotNET\webroot\images\res\fn1156.bmp
D:\program files\pb11\PowerBuilder 11.0\DotNET\webroot\images\res\fn1158.bmp
D:\program files\pb11\PowerBuilder 11.0\DotNET\webroot\images\res\fn1160.bmp
D:\program files\pb11\PowerBuilder 11.0\DotNET\webroot\images\res\fn1258.bmp
D:\program files\pb11\PowerBuilder 11.0\DotNET\webroot\images\res\fn1260.bmp
D:\program files\pb11\PowerBuilder 11.0\DotNET\webroot\images\res\fn1262.bmp
D:\program files\pb11\PowerBuilder 11.0\DotNET\webroot\images\res\fn1264.bmp
D:\program files\pb11\PowerBuilder 11.0\DotNET\webroot\images\res\fn1266.bmp
D:\program files\pb11\PowerBuilder 11.0\DotNET\webroot\images\res\fn1268.bmp
D:\program files\pb11\PowerBuilder 11.0\DotNET\webroot\images\res\fn1270.bmp
D:\program files\pb11\PowerBuilder 11.0\DotNET\webroot\images\res\fn1272.bmp
D:\program files\pb11\PowerBuilder 11.0\DotNET\webroot\images\res\fn1274.bmp
D:\program files\pb11\PowerBuilder 11.0\DotNET\webroot\images\res\fn1276.bmp
D:\program files\pb11\PowerBuilder 11.0\DotNET\webroot\images\res\fn1278.bmp
D:\program files\pb11\PowerBuilder 11.0\DotNET\webroot\images\res\fn1290.bmp
D:\program files\pb11\PowerBuilder 11.0\DotNET\webroot\images\res\fn1292.bmp
D:\program files\pb11\PowerBuilder 11.0\DotNET\webroot\images\res\fn1294.bmp
D:\program files\pb11\PowerBuilder 11.0\DotNET\webroot\images\res\fn1296.bmp
D:\program files\pb11\PowerBuilder 11.0\DotNET\webroot\images\res\fn1298.bmp
D:\program files\pb11\PowerBuilder 11.0\DotNET\webroot\images\res\fn1300.bmp
D:\program files\pb11\PowerBuilder 11.0\DotNET\webroot\images\res\fn1302.bmp
D:\program files\pb11\PowerBuilder 11.0\DotNET\webroot\images\res\fn1304.bmp
D:\program files\pb11\PowerBuilder 11.0\DotNET\webroot\images\res\fn1306.bmp
D:\program files\pb11\PowerBuilder 11.0\DotNET\webroot\images\res\fn1308.bmp
D:\program files\pb11\PowerBuilder 11.0\DotNET\webroot\images\res\fn1316.bmp
D:\program files\pb11\PowerBuilder 11.0\DotNET\webroot\images\res\fn1318.bmp
D:\program files\pb11\PowerBuilder 11.0\DotNET\webroot\images\res\fn1322.bmp
D:\program files\pb11\PowerBuilder 11.0\DotNET\webroot\images\res\fn1324.bmp
D:\program files\pb11\PowerBuilder 11.0\DotNET\webroot\images\res\fn1326.bmp
D:\program files\pb11\PowerBuilder 11.0\DotNET\webroot\images\res\fn1328.bmp
D:\program files\pb11\PowerBuilder 11.0\DotNET\webroot\images\res\fn1330.bmp
D:\program files\pb11\PowerBuilder 11.0\DotNET\webroot\images\res\fn1332.bmp
D:\program files\pb11\PowerBuilder 11.0\DotNET\webroot\images\res\fn1334.bmp
D:\program files\pb11\PowerBuilder 11.0\DotNET\webroot\images\res\fn1336.bmp
D:\program files\pb11\PowerBuilder 11.0\DotNET\webroot\images\res\fn1338.bmp
D:\program files\pb11\PowerBuilder 11.0\DotNET\webroot\images\res\fn1340.bmp
D:\program files\pb11\PowerBuilder 11.0\DotNET\webroot\images\res\fn1342.bmp
D:\program files\pb11\PowerBuilder 11.0\DotNET\webroot\images\res\fn1344.bmp
D:\program files\pb11\PowerBuilder 11.0\DotNET\webroot\images\res\fn1346.bmp
D:\program files\pb11\PowerBuilder 11.0\DotNET\webroot\images\res\fn1348.bmp
D:\program files\pb11\PowerBuilder 11.0\DotNET\webroot\images\res\fn1350.bmp
D:\program files\pb11\PowerBuilder 11.0\DotNET\webroot\images\res\fn1352.bmp
D:\program files\pb11\PowerBuilder 11.0\DotNET\webroot\images\res\fn1354.bmp
D:\program files\pb11\PowerBuilder 11.0\DotNET\webroot\images\res\fn1356.bmp
D:\program files\pb11\PowerBuilder 11.0\DotNET\webroot\images\res\fn1358.bmp
D:\program files\pb11\PowerBuilder 11.0\DotNET\webroot\images\res\fn1360.bmp
D:\program files\pb11\PowerBuilder 11.0\DotNET\webroot\images\res\fn1362.bmp
D:\program files\pb11\PowerBuilder 11.0\DotNET\webroot\images\res\fn1364.bmp
D:\program files\pb11\PowerBuilder 11.0\DotNET\webroot\images\res\fn1366.bmp
D:\program files\pb11\PowerBuilder 11.0\DotNET\webroot\images\res\fn1368.bmp
D:\program files\pb11\PowerBuilder 11.0\DotNET\webroot\images\res\fn1370.bmp
D:\program files\pb11\PowerBuilder 11.0\DotNET\webroot\images\res\fn1372.bmp
D:\program files\pb11\PowerBuilder 11.0\DotNET\webroot\images\res\fn1374.bmp
D:\program files\pb11\PowerBuilder 11.0\DotNET\webroot\images\res\fn1386.bmp
D:\program files\pb11\PowerBuilder 11.0\DotNET\webroot\images\res\fn1388.bmp
D:\program files\pb11\PowerBuilder 11.0\DotNET\webroot\images\res\fn1390.bmp
D:\program files\pb11\PowerBuilder 11.0\DotNET\webroot\images\res\fn1392.bmp
D:\program files\pb11\PowerBuilder 11.0\DotNET\webroot\images\res\fn1394.bmp
D:\program files\pb11\PowerBuilder 11.0\DotNET\webroot\images\res\fn1396.bmp
D:\program files\pb11\PowerBuilder 11.0\DotNET\webroot\images\res\fn1398.bmp
D:\program files\pb11\PowerBuilder 11.0\DotNET\webroot\images\res\fn1400.bmp
D:\program files\pb11\PowerBuilder 11.0\DotNET\webroot\images\res\fn1402.bmp
D:\program files\pb11\PowerBuilder 11.0\DotNET\webroot\images\res\fn1404.bmp
D:\program files\pb11\PowerBuilder 11.0\DotNET\webroot\images\res\fn1406.bmp
D:\program files\pb11\PowerBuilder 11.0\DotNET\webroot\images\res\fn1408.bmp
D:\program files\pb11\PowerBuilder 11.0\DotNET\webroot\images\res\fn1410.bmp
D:\program files\pb11\PowerBuilder 11.0\DotNET\webroot\images\res\fn1412.bmp
D:\program files\pb11\PowerBuilder 11.0\DotNET\webroot\images\res\fn1414.bmp
D:\program files\pb11\PowerBuilder 11.0\DotNET\webroot\images\res\fn1416.bmp
D:\program files\pb11\PowerBuilder 11.0\DotNET\webroot\images\res\fn1418.bmp
D:\program files\pb11\PowerBuilder 11.0\DotNET\webroot\images\res\fn1420.bmp
D:\program files\pb11\PowerBuilder 11.0\DotNET\webroot\images\res\fn1422.bmp
D:\program files\pb11\PowerBuilder 11.0\DotNET\webroot\images\res\fn1432.bmp
D:\program files\pb11\PowerBuilder 11.0\DotNET\webroot\images\res\fn1436.bmp
D:\program files\pb11\PowerBuilder 11.0\DotNET\webroot\images\res\fn1438.bmp
D:\program files\pb11\PowerBuilder 11.0\DotNET\webroot\images\res\fn1440.bmp
D:\program files\pb11\PowerBuilder 11.0\DotNET\webroot\images\res\fn1442.bmp
D:\program files\pb11\PowerBuilder 11.0\DotNET\webroot\images\res\fn1444.bmp
D:\program files\pb11\PowerBuilder 11.0\DotNET\webroot\images\res\fn1446.bmp
D:\program files\pb11\PowerBuilder 11.0\DotNET\webroot\images\res\fn1448.bmp
D:\program files\pb11\PowerBuilder 11.0\DotNET\webroot\images\res\fn1450.bmp
D:\program files\pb11\PowerBuilder 11.0\DotNET\webroot\images\res\fn1452.bmp
D:\program files\pb11\PowerBuilder 11.0\DotNET\webroot\images\res\fn1454.bmp
D:\program files\pb11\PowerBuilder 11.0\DotNET\webroot\images\res\fn1456.bmp
D:\program files\pb11\PowerBuilder 11.0\DotNET\webroot\images\res\fn1458.bmp
D:\program files\pb11\PowerBuilder 11.0\DotNET\webroot\images\res\fn1460.bmp
D:\program files\pb11\PowerBuilder 11.0\DotNET\webroot\images\res\fn1462.bmp
D:\program files\pb11\PowerBuilder 11.0\DotNET\webroot\images\res\fn1464.bmp
D:\program files\pb11\PowerBuilder 11.0\DotNET\webroot\images\res\fn1466.bmp
D:\program files\pb11\PowerBuilder 11.0\DotNET\webroot\images\res\fn1468.bmp
D:\program files\pb11\PowerBuilder 11.0\DotNET\webroot\images\res\fn1470.bmp
D:\program files\pb11\PowerBuilder 11.0\DotNET\webroot\images\res\fn1472.bmp
D:\program files\pb11\PowerBuilder 11.0\DotNET\webroot\images\res\fn1474.bmp
D:\program files\pb11\PowerBuilder 11.0\DotNET\webroot\images\res\fn1476.bmp
D:\program files\pb11\PowerBuilder 11.0\DotNET\webroot\images\res\fn1478.bmp
D:\program files\pb11\PowerBuilder 11.0\DotNET\webroot\images\res\fn1480.bmp
D:\program files\pb11\PowerBuilder 11.0\DotNET\webroot\images\res\fn1482.bmp
D:\program files\pb11\PowerBuilder 11.0\DotNET\webroot\images\res\fn1484.bmp
D:\program files\pb11\PowerBuilder 11.0\DotNET\webroot\images\res\fn1486.bmp
D:\program files\pb11\PowerBuilder 11.0\DotNET\webroot\images\res\fn1488.bmp
D:\program files\pb11\PowerBuilder 11.0\DotNET\webroot\images\res\fn1490.bmp
D:\program files\pb11\PowerBuilder 11.0\DotNET\webroot\images\res\fn1492.bmp
D:\program files\pb11\PowerBuilder 11.0\DotNET\webroot\images\res\fn1496.bmp
D:\program files\pb11\PowerBuilder 11.0\DotNET\webroot\images\res\fn1497.bmp
D:\program files\pb11\PowerBuilder 11.0\DotNET\webroot\images\res\fn1498minusxp.bmp
D:\program files\pb11\PowerBuilder 11.0\DotNET\webroot\images\res\fn1499plusxp.bmp
D:\program files\pb11\PowerBuilder 11.0\DotNET\webroot\images\res\fn1546.bmp
D:\program files\pb11\PowerBuilder 11.0\DotNET\webroot\images\res\fn1548.bmp
D:\program files\pb11\PowerBuilder 11.0\DotNET\webroot\images\res\fn1550.bmp
D:\program files\pb11\PowerBuilder 11.0\DotNET\webroot\images\res\fn1552.bmp
D:\program files\pb11\PowerBuilder 11.0\DotNET\webroot\images\res\fn1610.bmp
D:\program files\pb11\PowerBuilder 11.0\DotNET\webroot\images\res\fn1610.ico
D:\program files\pb11\PowerBuilder 11.0\DotNET\webroot\images\res\fn1612.bmp
D:\program files\pb11\PowerBuilder 11.0\DotNET\webroot\images\res\fn1614.bmp
D:\program files\pb11\PowerBuilder 11.0\DotNET\webroot\images\res\fn1616.bmp
D:\program files\pb11\PowerBuilder 11.0\DotNET\webroot\images\res\fn1618.bmp
D:\program files\pb11\PowerBuilder 11.0\DotNET\webroot\images\res\fn1620.bmp
D:\program files\pb11\PowerBuilder 11.0\DotNET\webroot\images\res\fn1622.bmp
D:\program files\pb11\PowerBuilder 11.0\DotNET\webroot\images\res\fn1624.bmp
D:\program files\pb11\PowerBuilder 11.0\DotNET\webroot\images\res\fn1626.bmp
D:\program files\pb11\PowerBuilder 11.0\DotNET\webroot\images\res\fn1628.bmp
D:\program files\pb11\PowerBuilder 11.0\DotNET\webroot\images\res\fn1630.bmp
D:\program files\pb11\PowerBuilder 11.0\DotNET\webroot\images\res\fn1632.bmp
D:\program files\pb11\PowerBuilder 11.0\DotNET\webroot\images\res\fn1634.bmp
D:\program files\pb11\PowerBuilder 11.0\DotNET\webroot\images\res\fn1636.ico
D:\program files\pb11\PowerBuilder 11.0\DotNET\webroot\images\res\fn1638.ico
D:\program files\pb11\PowerBuilder 11.0\DotNET\webroot\images\res\fn1640.bmp
D:\program files\pb11\PowerBuilder 11.0\DotNET\webroot\images\res\fn1674.bmp
D:\program files\pb11\PowerBuilder 11.0\DotNET\webroot\images\res\fn1676.bmp
D:\program files\pb11\PowerBuilder 11.0\DotNET\webroot\images\res\fn1678.bmp
D:\program files\pb11\PowerBuilder 11.0\DotNET\webroot\images\res\fn1680.bmp
D:\program files\pb11\PowerBuilder 11.0\DotNET\webroot\images\res\fn1682.bmp
D:\program files\pb11\PowerBuilder 11.0\DotNET\webroot\images\res\fn1684.bmp
D:\program files\pb11\PowerBuilder 11.0\DotNET\webroot\images\res\fn1686.bmp
D:\program files\pb11\PowerBuilder 11.0\DotNET\webroot\images\res\fn1688.bmp
D:\program files\pb11\PowerBuilder 11.0\DotNET\webroot\images\res\fn1690.bmp
D:\program files\pb11\PowerBuilder 11.0\DotNET\webroot\images\res\fn1692.bmp
D:\program files\pb11\PowerBuilder 11.0\DotNET\webroot\images\res\fn1694.bmp
D:\program files\pb11\PowerBuilder 11.0\DotNET\webroot\images\res\fn1696.bmp
D:\program files\pb11\PowerBuilder 11.0\DotNET\webroot\images\res\fn1698.bmp
D:\program files\pb11\PowerBuilder 11.0\DotNET\webroot\images\res\fn1700.bmp
D:\program files\pb11\PowerBuilder 11.0\DotNET\webroot\images\res\fn1702.bmp
D:\program files\pb11\PowerBuilder 11.0\DotNET\webroot\images\res\fn1704.bmp
D:\program files\pb11\PowerBuilder 11.0\DotNET\webroot\images\res\fn1706.bmp
D:\program files\pb11\PowerBuilder 11.0\DotNET\webroot\images\res\fn1708.bmp
D:\program files\pb11\PowerBuilder 11.0\DotNET\webroot\images\res\fn1738.bmp
D:\program files\pb11\PowerBuilder 11.0\DotNET\webroot\images\res\fn1740.bmp
D:\program files\pb11\PowerBuilder 11.0\DotNET\webroot\images\res\fn1742.bmp
D:\program files\pb11\PowerBuilder 11.0\DotNET\webroot\images\res\fn1744.bmp
D:\program files\pb11\PowerBuilder 11.0\DotNET\webroot\images\res\fn1746.bmp
D:\program files\pb11\PowerBuilder 11.0\DotNET\webroot\images\res\fn1748.bmp
D:\program files\pb11\PowerBuilder 11.0\DotNET\webroot\images\res\fn1750.bmp
D:\program files\pb11\PowerBuilder 11.0\DotNET\webroot\images\res\fn1752.bmp
D:\program files\pb11\PowerBuilder 11.0\DotNET\webroot\images\res\fn1754.bmp
D:\program files\pb11\PowerBuilder 11.0\DotNET\webroot\images\res\fn1756.bmp
D:\program files\pb11\PowerBuilder 11.0\DotNET\webroot\images\res\fn1760.bmp
D:\program files\pb11\PowerBuilder 11.0\DotNET\webroot\images\res\fn1762.bmp
D:\program files\pb11\PowerBuilder 11.0\DotNET\webroot\images\res\fn1764.bmp
D:\program files\pb11\PowerBuilder 11.0\DotNET\webroot\images\res\fn1766.bmp
D:\program files\pb11\PowerBuilder 11.0\DotNET\webroot\images\res\fn1768.bmp
D:\program files\pb11\PowerBuilder 11.0\DotNET\webroot\images\res\fn1770.bmp
D:\program files\pb11\PowerBuilder 11.0\DotNET\webroot\images\res\fn1772.bmp
D:\program files\pb11\PowerBuilder 11.0\DotNET\webroot\images\res\fn1774.bmp
D:\program files\pb11\PowerBuilder 11.0\DotNET\webroot\images\res\fn1776.bmp
D:\program files\pb11\PowerBuilder 11.0\DotNET\webroot\images\res\fn1778.bmp
D:\program files\pb11\PowerBuilder 11.0\DotNET\webroot\images\res\fn1780.bmp
D:\program files\pb11\PowerBuilder 11.0\DotNET\webroot\images\res\fn1782.bmp
D:\program files\pb11\PowerBuilder 11.0\DotNET\webroot\images\res\fn1784.bmp
D:\program files\pb11\PowerBuilder 11.0\DotNET\webroot\images\res\fn1786.bmp
D:\program files\pb11\PowerBuilder 11.0\DotNET\webroot\images\res\fn1788.bmp
D:\program files\pb11\PowerBuilder 11.0\DotNET\webroot\images\res\fn1790.bmp
D:\program files\pb11\PowerBuilder 11.0\DotNET\webroot\images\res\fn1792.bmp
D:\program files\pb11\PowerBuilder 11.0\DotNET\webroot\images\res\fn1796.bmp
D:\program files\pb11\PowerBuilder 11.0\DotNET\webroot\images\res\fn1798.bmp
D:\program files\pb11\PowerBuilder 11.0\DotNET\webroot\images\res\fn1800.bmp
D:\program files\pb11\PowerBuilder 11.0\DotNET\webroot\images\res\fn1802.bmp
D:\program files\pb11\PowerBuilder 11.0\DotNET\webroot\images\res\fn1804.bmp
D:\program files\pb11\PowerBuilder 11.0\DotNET\webroot\images\res\fn1806.bmp
D:\program files\pb11\PowerBuilder 11.0\DotNET\webroot\images\res\fn1808.bmp
D:\program files\pb11\PowerBuilder 11.0\DotNET\webroot\images\res\fn1810.bmp
D:\program files\pb11\PowerBuilder 11.0\DotNET\webroot\images\res\fn1812.bmp
D:\program files\pb11\PowerBuilder 11.0\DotNET\webroot\images\res\fn1816.bmp
D:\program files\pb11\PowerBuilder 11.0\DotNET\webroot\images\res\fn1850.bmp
D:\program files\pb11\PowerBuilder 11.0\DotNET\webroot\images\res\fn1852.bmp
D:\program files\pb11\PowerBuilder 11.0\DotNET\webroot\images\res\fn1854.bmp
D:\program files\pb11\PowerBuilder 11.0\DotNET\webroot\images\res\fn1856.bmp
D:\program files\pb11\PowerBuilder 11.0\DotNET\webroot\images\res\fn1858.bmp
D:\program files\pb11\PowerBuilder 11.0\DotNET\webroot\images\res\fn1860.bmp
D:\program files\pb11\PowerBuilder 11.0\DotNET\webroot\images\res\fn1862.bmp
D:\program files\pb11\PowerBuilder 11.0\DotNET\webroot\images\res\fn1864.bmp
D:\program files\pb11\PowerBuilder 11.0\DotNET\webroot\images\res\fn1866.bmp
D:\program files\pb11\PowerBuilder 11.0\DotNET\webroot\images\res\fn1868.bmp
D:\program files\pb11\PowerBuilder 11.0\DotNET\webroot\images\res\fn1934.bmp
D:\program files\pb11\PowerBuilder 11.0\DotNET\webroot\images\res\fn1994.bmp
D:\program files\pb11\PowerBuilder 11.0\DotNET\webroot\images\res\fn1996.bmp
D:\program files\pb11\PowerBuilder 11.0\DotNET\webroot\images\res\fn1998.bmp
D:\program files\pb11\PowerBuilder 11.0\DotNET\webroot\images\res\fn2000.bmp
D:\program files\pb11\PowerBuilder 11.0\DotNET\webroot\images\res\fn2002.bmp
D:\program files\pb11\PowerBuilder 11.0\DotNET\webroot\images\res\fn2004.bmp
D:\program files\pb11\PowerBuilder 11.0\DotNET\webroot\images\res\fn2006.bmp
D:\program files\pb11\PowerBuilder 11.0\DotNET\webroot\images\res\fn2122.bmp
D:\program files\pb11\PowerBuilder 11.0\DotNET\webroot\images\res\fn2128.bmp
D:\program files\pb11\PowerBuilder 11.0\DotNET\webroot\images\res\fn2130.bmp
D:\program files\pb11\PowerBuilder 11.0\DotNET\webroot\images\res\fn2132.bmp
D:\program files\pb11\PowerBuilder 11.0\DotNET\webroot\images\res\fn2134.bmp
D:\program files\pb11\PowerBuilder 11.0\DotNET\webroot\images\res\fn2136.bmp
D:\program files\pb11\PowerBuilder 11.0\DotNET\webroot\images\res\fn2140.bmp
D:\program files\pb11\PowerBuilder 11.0\DotNET\webroot\images\res\fn2142.bmp
D:\program files\pb11\PowerBuilder 11.0\DotNET\webroot\images\res\fn2144.bmp
D:\program files\pb11\PowerBuilder 11.0\DotNET\webroot\images\res\fn2152.bmp
D:\program files\pb11\PowerBuilder 11.0\DotNET\webroot\images\res\fn2156.bmp
D:\program files\pb11\PowerBuilder 11.0\DotNET\webroot\images\res\fn2160.bmp
D:\program files\pb11\PowerBuilder 11.0\DotNET\webroot\images\res\fn2164.bmp
D:\program files\pb11\PowerBuilder 11.0\DotNET\webroot\images\res\fn2166.bmp
D:\program files\pb11\PowerBuilder 11.0\DotNET\webroot\images\res\fn2168.bmp
D:\program files\pb11\PowerBuilder 11.0\DotNET\webroot\images\res\fn2170.bmp
D:\program files\pb11\PowerBuilder 11.0\DotNET\webroot\images\res\fn2172.bmp
D:\program files\pb11\PowerBuilder 11.0\DotNET\webroot\images\res\fn2178.bmp
D:\program files\pb11\PowerBuilder 11.0\DotNET\webroot\images\res\fn2282.bmp
D:\program files\pb11\PowerBuilder 11.0\DotNET\webroot\images\res\fn2286.bmp
D:\program files\pb11\PowerBuilder 11.0\DotNET\webroot\images\res\fn2288.bmp
D:\program files\pb11\PowerBuilder 11.0\DotNET\webroot\images\res\fn2290.bmp
D:\program files\pb11\PowerBuilder 11.0\DotNET\webroot\images\res\fn2292.bmp
D:\program files\pb11\PowerBuilder 11.0\DotNET\webroot\images\res\fn2294.bmp
D:\program files\pb11\PowerBuilder 11.0\DotNET\webroot\images\res\fn2298.bmp
D:\program files\pb11\PowerBuilder 11.0\DotNET\webroot\images\res\fn2300.bmp
D:\program files\pb11\PowerBuilder 11.0\DotNET\webroot\images\res\fn2348.bmp
D:\program files\pb11\PowerBuilder 11.0\DotNET\webroot\images\res\fn2410.bmp
D:\program files\pb11\PowerBuilder 11.0\DotNET\webroot\images\res\fn2412.bmp
D:\program files\pb11\PowerBuilder 11.0\DotNET\webroot\images\res\fn2414.bmp
D:\program files\pb11\PowerBuilder 11.0\DotNET\webroot\images\res\fn2416.bmp
D:\program files\pb11\PowerBuilder 11.0\DotNET\webroot\images\res\fn2418.bmp
D:\program files\pb11\PowerBuilder 11.0\DotNET\webroot\images\res\fn2420.bmp
D:\program files\pb11\PowerBuilder 11.0\DotNET\webroot\images\res\fn2422.bmp
D:\program files\pb11\PowerBuilder 11.0\DotNET\webroot\images\res\fn2424.bmp
D:\program files\pb11\PowerBuilder 11.0\DotNET\webroot\images\res\fn2426.bmp
D:\program files\pb11\PowerBuilder 11.0\DotNET\webroot\images\res\fn2428.bmp
D:\program files\pb11\PowerBuilder 11.0\DotNET\webroot\images\res\fn2430.bmp
D:\program files\pb11\PowerBuilder 11.0\DotNET\webroot\images\res\fn2432.bmp
D:\program files\pb11\PowerBuilder 11.0\DotNET\webroot\images\res\fn2434.bmp
D:\program files\pb11\PowerBuilder 11.0\DotNET\webroot\images\res\fn2436.bmp
D:\program files\pb11\PowerBuilder 11.0\DotNET\webroot\images\res\fn2438.bmp
D:\program files\pb11\PowerBuilder 11.0\DotNET\webroot\images\res\fn2440.bmp
D:\program files\pb11\PowerBuilder 11.0\DotNET\webroot\images\res\fn2442.bmp
D:\program files\pb11\PowerBuilder 11.0\DotNET\webroot\images\res\fn2444.bmp
D:\program files\pb11\PowerBuilder 11.0\DotNET\webroot\images\res\fn2446.bmp
D:\program files\pb11\PowerBuilder 11.0\DotNET\webroot\images\res\fn2448.bmp
D:\program files\pb11\PowerBuilder 11.0\DotNET\webroot\images\res\fn2450.bmp
D:\program files\pb11\PowerBuilder 11.0\DotNET\webroot\images\res\fn2452.bmp
D:\program files\pb11\PowerBuilder 11.0\DotNET\webroot\images\res\fn2454.bmp
D:\program files\pb11\PowerBuilder 11.0\DotNET\webroot\images\res\fn2456.bmp
D:\program files\pb11\PowerBuilder 11.0\DotNET\webroot\images\res\fn2458.bmp
D:\program files\pb11\PowerBuilder 11.0\DotNET\webroot\images\res\fn2460.bmp
D:\program files\pb11\PowerBuilder 11.0\DotNET\webroot\images\res\fn2462.bmp
D:\program files\pb11\PowerBuilder 11.0\DotNET\webroot\images\res\fn2464.bmp
D:\program files\pb11\PowerBuilder 11.0\DotNET\webroot\images\res\fn2466.bmp
D:\program files\pb11\PowerBuilder 11.0\DotNET\webroot\images\res\fn2468.bmp
D:\program files\pb11\PowerBuilder 11.0\DotNET\webroot\images\res\fn2470.bmp
D:\program files\pb11\PowerBuilder 11.0\DotNET\webroot\images\res\fn2472.bmp
D:\program files\pb11\PowerBuilder 11.0\DotNET\webroot\images\res\fn2474.bmp
D:\program files\pb11\PowerBuilder 11.0\DotNET\webroot\images\res\fn2476.bmp
D:\program files\pb11\PowerBuilder 11.0\DotNET\webroot\images\res\fn2478.bmp
D:\program files\pb11\PowerBuilder 11.0\DotNET\webroot\images\res\fn2480.bmp
D:\program files\pb11\PowerBuilder 11.0\DotNET\webroot\images\res\fn2482.bmp
D:\program files\pb11\PowerBuilder 11.0\DotNET\webroot\images\res\fn2484.bmp
D:\program files\pb11\PowerBuilder 11.0\DotNET\webroot\images\res\fn2486.bmp
D:\program files\pb11\PowerBuilder 11.0\DotNET\webroot\images\res\fn2488.bmp
D:\program files\pb11\PowerBuilder 11.0\DotNET\webroot\images\res\fn2490.bmp
D:\program files\pb11\PowerBuilder 11.0\DotNET\webroot\images\res\fn2492.bmp
D:\program files\pb11\PowerBuilder 11.0\DotNET\webroot\images\res\fn2494.bmp
D:\program files\pb11\PowerBuilder 11.0\DotNET\webroot\images\res\fn2496.bmp
D:\program files\pb11\PowerBuilder 11.0\DotNET\webroot\images\res\fn2498.bmp
D:\program files\pb11\PowerBuilder 11.0\DotNET\webroot\images\res\fn2500.bmp
D:\program files\pb11\PowerBuilder 11.0\DotNET\webroot\images\res\fn2502.bmp
D:\program files\pb11\PowerBuilder 11.0\DotNET\webroot\images\res\fn2504.bmp
D:\program files\pb11\PowerBuilder 11.0\DotNET\webroot\images\res\fn2506.bmp
D:\program files\pb11\PowerBuilder 11.0\DotNET\webroot\images\res\fn2508.bmp
D:\program files\pb11\PowerBuilder 11.0\DotNET\webroot\images\res\fn2510.bmp
D:\program files\pb11\PowerBuilder 11.0\DotNET\webroot\images\res\fn2512.bmp
D:\program files\pb11\PowerBuilder 11.0\DotNET\webroot\images\res\fn2514.bmp
D:\program files\pb11\PowerBuilder 11.0\DotNET\webroot\images\res\fn2516.bmp
D:\program files\pb11\PowerBuilder 11.0\DotNET\webroot\images\res\fn2518.bmp
D:\program files\pb11\PowerBuilder 11.0\DotNET\webroot\images\res\fn2520.bmp
D:\program files\pb11\PowerBuilder 11.0\DotNET\webroot\images\res\fn2522.bmp
D:\program files\pb11\PowerBuilder 11.0\DotNET\webroot\images\res\fn2524.bmp
D:\program files\pb11\PowerBuilder 11.0\DotNET\webroot\images\res\fn2526.bmp
D:\program files\pb11\PowerBuilder 11.0\DotNET\webroot\images\res\fn2528.bmp
D:\program files\pb11\PowerBuilder 11.0\DotNET\webroot\images\res\fn2530.bmp
D:\program files\pb11\PowerBuilder 11.0\DotNET\webroot\images\res\fn2532.bmp
D:\program files\pb11\PowerBuilder 11.0\DotNET\webroot\images\res\fn2534.bmp
D:\program files\pb11\PowerBuilder 11.0\DotNET\webroot\images\res\fn2536.bmp
D:\program files\pb11\PowerBuilder 11.0\DotNET\webroot\images\res\fn2538.bmp
D:\program files\pb11\PowerBuilder 11.0\DotNET\webroot\images\res\fn2540.bmp
D:\program files\pb11\PowerBuilder 11.0\DotNET\webroot\images\res\fn2542.bmp
D:\program files\pb11\PowerBuilder 11.0\DotNET\webroot\images\res\fn2544.bmp
D:\program files\pb11\PowerBuilder 11.0\DotNET\webroot\images\res\fn2546.bmp
D:\program files\pb11\PowerBuilder 11.0\DotNET\webroot\images\res\fn2548.bmp
D:\program files\pb11\PowerBuilder 11.0\DotNET\webroot\images\res\fn2550.bmp
D:\program files\pb11\PowerBuilder 11.0\DotNET\webroot\images\res\fn2552.bmp
D:\program files\pb11\PowerBuilder 11.0\DotNET\webroot\images\res\fn2554.bmp
D:\program files\pb11\PowerBuilder 11.0\DotNET\webroot\images\res\fn2556.bmp
D:\program files\pb11\PowerBuilder 11.0\DotNET\webroot\images\res\fn2558.bmp
D:\program files\pb11\PowerBuilder 11.0\DotNET\webroot\images\res\fn2560.bmp
D:\program files\pb11\PowerBuilder 11.0\DotNET\webroot\images\res\fn2562.bmp
D:\program files\pb11\PowerBuilder 11.0\DotNET\webroot\images\res\fn2564.bmp
D:\program files\pb11\PowerBuilder 11.0\DotNET\webroot\images\res\fn2566.bmp
D:\program files\pb11\PowerBuilder 11.0\DotNET\webroot\images\res\fn2568.bmp
D:\program files\pb11\PowerBuilder 11.0\DotNET\webroot\images\res\fn2570.bmp
D:\program files\pb11\PowerBuilder 11.0\DotNET\webroot\images\res\fn2572.bmp
D:\program files\pb11\PowerBuilder 11.0\DotNET\webroot\images\res\fn2574.bmp
D:\program files\pb11\PowerBuilder 11.0\DotNET\webroot\images\res\fn2576.bmp
D:\program files\pb11\PowerBuilder 11.0\DotNET\webroot\images\res\fn2578.bmp
D:\program files\pb11\PowerBuilder 11.0\DotNET\webroot\images\res\fn2580.bmp
D:\program files\pb11\PowerBuilder 11.0\DotNET\webroot\images\res\fn2582.bmp
D:\program files\pb11\PowerBuilder 11.0\DotNET\webroot\images\res\fn2584.bmp
D:\program files\pb11\PowerBuilder 11.0\DotNET\webroot\images\res\fn2586.bmp
D:\program files\pb11\PowerBuilder 11.0\DotNET\webroot\images\res\fn2588.bmp
D:\program files\pb11\PowerBuilder 11.0\DotNET\webroot\images\res\fn2590.bmp
D:\program files\pb11\PowerBuilder 11.0\DotNET\webroot\images\res\fn2592.bmp
D:\program files\pb11\PowerBuilder 11.0\DotNET\webroot\images\res\fn2594.bmp
D:\program files\pb11\PowerBuilder 11.0\DotNET\webroot\images\res\fn2596.bmp
D:\program files\pb11\PowerBuilder 11.0\DotNET\webroot\images\res\fn2598.bmp
D:\program files\pb11\PowerBuilder 11.0\DotNET\webroot\images\res\fn2600.bmp
D:\program files\pb11\PowerBuilder 11.0\DotNET\webroot\images\res\fn2602.bmp
D:\program files\pb11\PowerBuilder 11.0\DotNET\webroot\images\res\fn2604.bmp
D:\program files\pb11\PowerBuilder 11.0\DotNET\webroot\images\res\fn2606.bmp
D:\program files\pb11\PowerBuilder 11.0\DotNET\webroot\images\res\fn2608.bmp
D:\program files\pb11\PowerBuilder 11.0\DotNET\webroot\images\res\fn2610.bmp
D:\program files\pb11\PowerBuilder 11.0\DotNET\webroot\images\res\fn2668.bmp
D:\program files\pb11\PowerBuilder 11.0\DotNET\webroot\images\res\fn2670.bmp
D:\program files\pb11\PowerBuilder 11.0\DotNET\webroot\images\res\fn2672.bmp
D:\program files\pb11\PowerBuilder 11.0\DotNET\webroot\images\res\fn2674.bmp
D:\program files\pb11\PowerBuilder 11.0\DotNET\webroot\images\res\fn2676.bmp
D:\program files\pb11\PowerBuilder 11.0\DotNET\webroot\images\res\fn2678.bmp
D:\program files\pb11\PowerBuilder 11.0\DotNET\webroot\images\res\fn2680.bmp
D:\program files\pb11\PowerBuilder 11.0\DotNET\webroot\images\res\fn2682.bmp
D:\program files\pb11\PowerBuilder 11.0\DotNET\webroot\images\res\fn2684.bmp
D:\program files\pb11\PowerBuilder 11.0\DotNET\webroot\images\res\fn2686.bmp
D:\program files\pb11\PowerBuilder 11.0\DotNET\webroot\images\res\fn2688.bmp
D:\program files\pb11\PowerBuilder 11.0\DotNET\webroot\images\res\fn2690.bmp
D:\program files\pb11\PowerBuilder 11.0\DotNET\webroot\images\res\fn2692.bmp
D:\program files\pb11\PowerBuilder 11.0\DotNET\webroot\images\res\fn2694.bmp
D:\program files\pb11\PowerBuilder 11.0\DotNET\webroot\images\res\fn2696.bmp
D:\program files\pb11\PowerBuilder 11.0\DotNET\webroot\images\res\fn2698.bmp
D:\program files\pb11\PowerBuilder 11.0\DotNET\webroot\images\res\fn2700.bmp
D:\program files\pb11\PowerBuilder 11.0\DotNET\webroot\images\res\fn2702.bmp
D:\program files\pb11\PowerBuilder 11.0\DotNET\webroot\images\res\fn2704.bmp
D:\program files\pb11\PowerBuilder 11.0\DotNET\webroot\images\res\fn2706.bmp
D:\program files\pb11\PowerBuilder 11.0\DotNET\webroot\images\res\fn2708.bmp
D:\program files\pb11\PowerBuilder 11.0\DotNET\webroot\images\res\fn2710.bmp
D:\program files\pb11\PowerBuilder 11.0\DotNET\webroot\images\res\fn2712.bmp
D:\program files\pb11\PowerBuilder 11.0\DotNET\webroot\images\res\fn2714.bmp
D:\program files\pb11\PowerBuilder 11.0\DotNET\webroot\images\res\fn2716.bmp
D:\program files\pb11\PowerBuilder 11.0\DotNET\webroot\images\res\fn2718.bmp
D:\program files\pb11\PowerBuilder 11.0\DotNET\webroot\images\res\fn2720.bmp
D:\program files\pb11\PowerBuilder 11.0\DotNET\webroot\images\res\fn2722.bmp
D:\program files\pb11\PowerBuilder 11.0\DotNET\webroot\images\res\fn2724.bmp
D:\program files\pb11\PowerBuilder 11.0\DotNET\webroot\images\res\fn2726.bmp
D:\program files\pb11\PowerBuilder 11.0\DotNET\webroot\images\res\fn2728.bmp
D:\program files\pb11\PowerBuilder 11.0\DotNET\webroot\images\res\fn2730.bmp
D:\program files\pb11\PowerBuilder 11.0\DotNET\webroot\images\res\fn2732.bmp
D:\program files\pb11\PowerBuilder 11.0\DotNET\webroot\images\res\fn2734.bmp
D:\program files\pb11\PowerBuilder 11.0\DotNET\webroot\images\res\fn2736.bmp
D:\program files\pb11\PowerBuilder 11.0\DotNET\webroot\images\res\fn2738.bmp
D:\program files\pb11\PowerBuilder 11.0\DotNET\webroot\images\res\fn2740.bmp
D:\program files\pb11\PowerBuilder 11.0\DotNET\webroot\images\res\fn2742.bmp
D:\program files\pb11\PowerBuilder 11.0\DotNET\webroot\images\res\fn2744.bmp
D:\program files\pb11\PowerBuilder 11.0\DotNET\webroot\images\res\fn2746.bmp
D:\program files\pb11\PowerBuilder 11.0\DotNET\webroot\images\res\fn2748.bmp
D:\program files\pb11\PowerBuilder 11.0\DotNET\webroot\images\res\fn2750.bmp
D:\program files\pb11\PowerBuilder 11.0\DotNET\webroot\images\res\fn2752.bmp
D:\program files\pb11\PowerBuilder 11.0\DotNET\webroot\images\res\fn2754.bmp
D:\program files\pb11\PowerBuilder 11.0\DotNET\webroot\images\res\fn2756.bmp
D:\program files\pb11\PowerBuilder 11.0\DotNET\webroot\images\res\fn2758.bmp
D:\program files\pb11\PowerBuilder 11.0\DotNET\webroot\images\res\fn2760.bmp
D:\program files\pb11\PowerBuilder 11.0\DotNET\webroot\images\res\fn2762.bmp
D:\program files\pb11\PowerBuilder 11.0\DotNET\webroot\images\res\fn2764.bmp
D:\program files\pb11\PowerBuilder 11.0\DotNET\webroot\images\res\fn2766.bmp
D:\program files\pb11\PowerBuilder 11.0\DotNET\webroot\images\res\fn2768.bmp
D:\program files\pb11\PowerBuilder 11.0\DotNET\webroot\images\res\fn2770.bmp
D:\program files\pb11\PowerBuilder 11.0\DotNET\webroot\images\res\fn2772.bmp
D:\program files\pb11\PowerBuilder 11.0\DotNET\webroot\images\res\fn2774.bmp
D:\program files\pb11\PowerBuilder 11.0\DotNET\webroot\images\res\fn2776.bmp
D:\program files\pb11\PowerBuilder 11.0\DotNET\webroot\images\res\fn2778.bmp
D:\program files\pb11\PowerBuilder 11.0\DotNET\webroot\images\res\fn2780.bmp
D:\program files\pb11\PowerBuilder 11.0\DotNET\webroot\images\res\fn2782.bmp
D:\program files\pb11\PowerBuilder 11.0\DotNET\webroot\images\res\fn2784.bmp
D:\program files\pb11\PowerBuilder 11.0\DotNET\webroot\images\res\fn2786.bmp
D:\program files\pb11\PowerBuilder 11.0\DotNET\webroot\images\res\fn2788.bmp
D:\program files\pb11\PowerBuilder 11.0\DotNET\webroot\images\res\fn2790.bmp
D:\program files\pb11\PowerBuilder 11.0\DotNET\webroot\images\res\fn2792.bmp
D:\program files\pb11\PowerBuilder 11.0\DotNET\webroot\images\res\fn2794.bmp
D:\program files\pb11\PowerBuilder 11.0\DotNET\webroot\images\res\fn2796.bmp
D:\program files\pb11\PowerBuilder 11.0\DotNET\webroot\images\res\fn2798.bmp
D:\program files\pb11\PowerBuilder 11.0\DotNET\webroot\images\res\fn2800.bmp
D:\program files\pb11\PowerBuilder 11.0\DotNET\webroot\images\res\fn2802.bmp
D:\program files\pb11\PowerBuilder 11.0\DotNET\webroot\images\res\fn2804.bmp
D:\program files\pb11\PowerBuilder 11.0\DotNET\webroot\images\res\fn2806.bmp
D:\program files\pb11\PowerBuilder 11.0\DotNET\webroot\images\res\fn2808.bmp
D:\program files\pb11\PowerBuilder 11.0\DotNET\webroot\images\res\fn2810.bmp
D:\program files\pb11\PowerBuilder 11.0\DotNET\webroot\images\res\fn2812.bmp
D:\program files\pb11\PowerBuilder 11.0\DotNET\webroot\images\res\fn2814.bmp
D:\program files\pb11\PowerBuilder 11.0\DotNET\webroot\images\res\fn2816.bmp
D:\program files\pb11\PowerBuilder 11.0\DotNET\webroot\images\res\fn2818.bmp
D:\program files\pb11\PowerBuilder 11.0\DotNET\webroot\images\res\fn2820.bmp
D:\program files\pb11\PowerBuilder 11.0\DotNET\webroot\images\res\fn2822.bmp
D:\program files\pb11\PowerBuilder 11.0\DotNET\webroot\images\res\fn2824.bmp
D:\program files\pb11\PowerBuilder 11.0\DotNET\webroot\images\res\fn2826.bmp
D:\program files\pb11\PowerBuilder 11.0\DotNET\webroot\images\res\fn2828.bmp
D:\program files\pb11\PowerBuilder 11.0\DotNET\webroot\images\res\fn2830.bmp
D:\program files\pb11\PowerBuilder 11.0\DotNET\webroot\images\res\fn2832.bmp
D:\program files\pb11\PowerBuilder 11.0\DotNET\webroot\images\res\fn2834.bmp
D:\program files\pb11\PowerBuilder 11.0\DotNET\webroot\images\res\fn2836.bmp
D:\program files\pb11\PowerBuilder 11.0\DotNET\webroot\images\res\fn2838.bmp
D:\program files\pb11\PowerBuilder 11.0\DotNET\webroot\images\res\fn2840.bmp
D:\program files\pb11\PowerBuilder 11.0\DotNET\webroot\images\res\fn2842.bmp
D:\program files\pb11\PowerBuilder 11.0\DotNET\webroot\images\res\fn2844.bmp
D:\program files\pb11\PowerBuilder 11.0\DotNET\webroot\images\res\fn2846.bmp
D:\program files\pb11\PowerBuilder 11.0\DotNET\webroot\images\res\fn2848.bmp
D:\program files\pb11\PowerBuilder 11.0\DotNET\webroot\images\res\fn2850.bmp
D:\program files\pb11\PowerBuilder 11.0\DotNET\webroot\images\res\fn2852.bmp
D:\program files\pb11\PowerBuilder 11.0\DotNET\webroot\images\res\fn2854.bmp
D:\program files\pb11\PowerBuilder 11.0\DotNET\webroot\images\res\fn2856.bmp
D:\program files\pb11\PowerBuilder 11.0\DotNET\webroot\images\res\fn2858.bmp
D:\program files\pb11\PowerBuilder 11.0\DotNET\webroot\images\res\fn2860.bmp
D:\program files\pb11\PowerBuilder 11.0\DotNET\webroot\images\res\fn2862.bmp
D:\program files\pb11\PowerBuilder 11.0\DotNET\webroot\images\res\fn2864.bmp
D:\program files\pb11\PowerBuilder 11.0\DotNET\webroot\images\res\fn2866.bmp
D:\program files\pb11\PowerBuilder 11.0\DotNET\webroot\images\res\fn2868.bmp
D:\program files\pb11\PowerBuilder 11.0\DotNET\webroot\images\res\fn2870.bmp
D:\program files\pb11\PowerBuilder 11.0\DotNET\webroot\images\res\fn2872.bmp
D:\program files\pb11\PowerBuilder 11.0\DotNET\webroot\images\res\fn2874.bmp
D:\program files\pb11\PowerBuilder 11.0\DotNET\webroot\images\res\fn2876.bmp
D:\program files\pb11\PowerBuilder 11.0\DotNET\webroot\images\res\fn2878.bmp
D:\program files\pb11\PowerBuilder 11.0\DotNET\webroot\images\res\fn2880.bmp
D:\program files\pb11\PowerBuilder 11.0\DotNET\webroot\images\res\fn2882.bmp
D:\program files\pb11\PowerBuilder 11.0\DotNET\webroot\images\res\fn2884.bmp
D:\program files\pb11\PowerBuilder 11.0\DotNET\webroot\images\res\fn2886.bmp
D:\program files\pb11\PowerBuilder 11.0\DotNET\webroot\images\res\fn2888.bmp
D:\program files\pb11\PowerBuilder 11.0\DotNET\webroot\images\res\fn2890.bmp
D:\program files\pb11\PowerBuilder 11.0\DotNET\webroot\images\res\fn2892.bmp
D:\program files\pb11\PowerBuilder 11.0\DotNET\webroot\images\res\fn2894.bmp
D:\program files\pb11\PowerBuilder 11.0\DotNET\webroot\images\res\fn2896.bmp
D:\program files\pb11\PowerBuilder 11.0\DotNET\webroot\images\res\fn2898.bmp
D:\program files\pb11\PowerBuilder 11.0\DotNET\webroot\images\res\fn2900.bmp
D:\program files\pb11\PowerBuilder 11.0\DotNET\webroot\images\res\fn2902.bmp
D:\program files\pb11\PowerBuilder 11.0\DotNET\webroot\images\res\fn2904.bmp
D:\program files\pb11\PowerBuilder 11.0\DotNET\webroot\images\res\fn2906.bmp
D:\program files\pb11\PowerBuilder 11.0\DotNET\webroot\images\res\fn2908.bmp
D:\program files\pb11\PowerBuilder 11.0\DotNET\webroot\images\res\fn2911.bmp
D:\program files\pb11\PowerBuilder 11.0\DotNET\webroot\images\res\fn2912.bmp
D:\program files\pb11\PowerBuilder 11.0\DotNET\webroot\images\res\fn2913.bmp
D:\program files\pb11\PowerBuilder 11.0\DotNET\webroot\images\res\fn2914.bmp
D:\program files\pb11\PowerBuilder 11.0\DotNET\webroot\images\res\fn2915.bmp
D:\program files\pb11\PowerBuilder 11.0\DotNET\webroot\images\res\fn2916.bmp
D:\program files\pb11\PowerBuilder 11.0\DotNET\webroot\images\res\fn2917.bmp
D:\program files\pb11\PowerBuilder 11.0\DotNET\webroot\images\res\fn2918.bmp
D:\program files\pb11\PowerBuilder 11.0\DotNET\webroot\images\res\fn2919.bmp
D:\program files\pb11\PowerBuilder 11.0\DotNET\webroot\images\res\fn2920.bmp
D:\program files\pb11\PowerBuilder 11.0\DotNET\webroot\images\res\fn2921.bmp
D:\program files\pb11\PowerBuilder 11.0\DotNET\webroot\images\res\fn2922.bmp
D:\program files\pb11\PowerBuilder 11.0\DotNET\webroot\images\res\fn2923.bmp
D:\program files\pb11\PowerBuilder 11.0\DotNET\webroot\images\res\fn2924.bmp
D:\program files\pb11\PowerBuilder 11.0\DotNET\webroot\images\res\fn2926.bmp
D:\program files\pb11\PowerBuilder 11.0\DotNET\webroot\images\res\fn2928.ico
D:\program files\pb11\PowerBuilder 11.0\DotNET\webroot\images\res\fn2930.ico
D:\program files\pb11\PowerBuilder 11.0\DotNET\webroot\images\res\fnappend.bmp
D:\program files\pb11\PowerBuilder 11.0\DotNET\webroot\images\res\fndddn.bmp
D:\program files\pb11\PowerBuilder 11.0\DotNET\webroot\images\res\fnddup.bmp
D:\program files\pb11\PowerBuilder 11.0\DotNET\webroot\images\res\fndither.bmp
D:\program files\pb11\PowerBuilder 11.0\DotNET\webroot\images\res\fndragno.ico
D:\program files\pb11\PowerBuilder 11.0\DotNET\webroot\images\res\fnhand.cur
D:\program files\pb11\PowerBuilder 11.0\DotNET\webroot\images\res\fnmask.bmp
D:\program files\pb11\PowerBuilder 11.0\DotNET\webroot\images\res\fnruler.bmp
D:\program files\pb11\PowerBuilder 11.0\DotNET\webroot\images\res\fntooldn.bmp
D:\program files\pb11\PowerBuilder 11.0\DotNET\webroot\images\res\fntoolup.bmp
D:\program files\pb11\PowerBuilder 11.0\DotNET\webroot\images\res\hourglass.bmp
D:\program files\pb11\PowerBuilder 11.0\DotNET\webroot\images\res\hyperlink.bmp
D:\program files\pb11\PowerBuilder 11.0\DotNET\webroot\images\res\icon.bmp
D:\program files\pb11\PowerBuilder 11.0\DotNET\webroot\images\res\information.ico
D:\program files\pb11\PowerBuilder 11.0\DotNET\webroot\images\res\jagcomp.bmp
D:\program files\pb11\PowerBuilder 11.0\DotNET\webroot\images\res\jagfldrs.bmp
D:\program files\pb11\PowerBuilder 11.0\DotNET\webroot\images\res\jagpack.bmp
D:\program files\pb11\PowerBuilder 11.0\DotNET\webroot\images\res\jagserv.bmp
D:\program files\pb11\PowerBuilder 11.0\DotNET\webroot\images\res\jpgchkdd.bmp
D:\program files\pb11\PowerBuilder 11.0\DotNET\webroot\images\res\jpgchked.bmp
D:\program files\pb11\PowerBuilder 11.0\DotNET\webroot\images\res\line2d.ico
D:\program files\pb11\PowerBuilder 11.0\DotNET\webroot\images\res\line3d.ico
D:\program files\pb11\PowerBuilder 11.0\DotNET\webroot\images\res\meta.bmp
D:\program files\pb11\PowerBuilder 11.0\DotNET\webroot\images\res\no.bmp
D:\program files\pb11\PowerBuilder 11.0\DotNET\webroot\images\res\owactvx.ico
D:\program files\pb11\PowerBuilder 11.0\DotNET\webroot\images\res\owapp.ico
D:\program files\pb11\PowerBuilder 11.0\DotNET\webroot\images\res\owappsrv.ico
D:\program files\pb11\PowerBuilder 11.0\DotNET\webroot\images\res\owapptpl.ico
D:\program files\pb11\PowerBuilder 11.0\DotNET\webroot\images\res\owauto.ico
D:\program files\pb11\PowerBuilder 11.0\DotNET\webroot\images\res\owcom.ico
D:\program files\pb11\PowerBuilder 11.0\DotNET\webroot\images\res\owjag.ico
D:\program files\pb11\PowerBuilder 11.0\DotNET\webroot\images\res\padata.bmp
D:\program files\pb11\PowerBuilder 11.0\DotNET\webroot\images\res\PB.exe.manifest
D:\program files\pb11\PowerBuilder 11.0\DotNET\webroot\images\res\pbcdrag.cur
D:\program files\pb11\PowerBuilder 11.0\DotNET\webroot\images\res\pbcross.bmp
D:\program files\pb11\PowerBuilder 11.0\DotNET\webroot\images\res\pbdpp.ico
D:\program files\pb11\PowerBuilder 11.0\DotNET\webroot\images\res\pbewizd.ico
D:\program files\pb11\PowerBuilder 11.0\DotNET\webroot\images\res\pbewize.ico
D:\program files\pb11\PowerBuilder 11.0\DotNET\webroot\images\res\pbewizm.ico
D:\program files\pb11\PowerBuilder 11.0\DotNET\webroot\images\res\pbewizq.ico
D:\program files\pb11\PowerBuilder 11.0\DotNET\webroot\images\res\pbewizv.ico
D:\program files\pb11\PowerBuilder 11.0\DotNET\webroot\images\res\pbhyp.ico
D:\program files\pb11\PowerBuilder 11.0\DotNET\webroot\images\res\pbprfont.bmp
D:\program files\pb11\PowerBuilder 11.0\DotNET\webroot\images\res\pbqcksel.ico
D:\program files\pb11\PowerBuilder 11.0\DotNET\webroot\images\res\pbqry.ico
D:\program files\pb11\PowerBuilder 11.0\DotNET\webroot\images\res\pbttfont.bmp
D:\program files\pb11\PowerBuilder 11.0\DotNET\webroot\images\res\pb_b_dn.bmp
D:\program files\pb11\PowerBuilder 11.0\DotNET\webroot\images\res\pb_b_up.bmp
D:\program files\pb11\PowerBuilder 11.0\DotNET\webroot\images\res\pb_c_dn.bmp
D:\program files\pb11\PowerBuilder 11.0\DotNET\webroot\images\res\pb_c_up.bmp
D:\program files\pb11\PowerBuilder 11.0\DotNET\webroot\images\res\pb_i_dn.bmp
D:\program files\pb11\PowerBuilder 11.0\DotNET\webroot\images\res\pb_i_up.bmp
D:\program files\pb11\PowerBuilder 11.0\DotNET\webroot\images\res\pb_l_dn.bmp
D:\program files\pb11\PowerBuilder 11.0\DotNET\webroot\images\res\pb_l_up.bmp
D:\program files\pb11\PowerBuilder 11.0\DotNET\webroot\images\res\pb_r_dn.bmp
D:\program files\pb11\PowerBuilder 11.0\DotNET\webroot\images\res\pb_r_up.bmp
D:\program files\pb11\PowerBuilder 11.0\DotNET\webroot\images\res\pb_u_dn.bmp
D:\program files\pb11\PowerBuilder 11.0\DotNET\webroot\images\res\pb_u_up.bmp
D:\program files\pb11\PowerBuilder 11.0\DotNET\webroot\images\res\pdtdata.bmp
D:\program files\pb11\PowerBuilder 11.0\DotNET\webroot\images\res\pdtes1.bmp
D:\program files\pb11\PowerBuilder 11.0\DotNET\webroot\images\res\pdtes10.bmp
D:\program files\pb11\PowerBuilder 11.0\DotNET\webroot\images\res\pdtes2.bmp
D:\program files\pb11\PowerBuilder 11.0\DotNET\webroot\images\res\pdtes3.bmp
D:\program files\pb11\PowerBuilder 11.0\DotNET\webroot\images\res\pdtes8.bmp
D:\program files\pb11\PowerBuilder 11.0\DotNET\webroot\images\res\pdtes9.bmp
D:\program files\pb11\PowerBuilder 11.0\DotNET\webroot\images\res\pdthand.bmp
D:\program files\pb11\PowerBuilder 11.0\DotNET\webroot\images\res\pdvcalc.bmp
D:\program files\pb11\PowerBuilder 11.0\DotNET\webroot\images\res\pdvcurs.ico
D:\program files\pb11\PowerBuilder 11.0\DotNET\webroot\images\res\pdvdcur.ico
D:\program files\pb11\PowerBuilder 11.0\DotNET\webroot\images\res\pdvdel.ico
D:\program files\pb11\PowerBuilder 11.0\DotNET\webroot\images\res\pdvdproc.ico
D:\program files\pb11\PowerBuilder 11.0\DotNET\webroot\images\res\pdvdrtn.bmp
D:\program files\pb11\PowerBuilder 11.0\DotNET\webroot\images\res\pdvfet.ico
D:\program files\pb11\PowerBuilder 11.0\DotNET\webroot\images\res\pdvfproc.ico
D:\program files\pb11\PowerBuilder 11.0\DotNET\webroot\images\res\pdvins.ico
D:\program files\pb11\PowerBuilder 11.0\DotNET\webroot\images\res\pdvjoin.cur
D:\program files\pb11\PowerBuilder 11.0\DotNET\webroot\images\res\pdvscrpt.bmp
D:\program files\pb11\PowerBuilder 11.0\DotNET\webroot\images\res\pdvsel.cur
D:\program files\pb11\PowerBuilder 11.0\DotNET\webroot\images\res\pdvsel.ico
D:\program files\pb11\PowerBuilder 11.0\DotNET\webroot\images\res\pdvucur.ico
D:\program files\pb11\PowerBuilder 11.0\DotNET\webroot\images\res\pdvupd.ico
D:\program files\pb11\PowerBuilder 11.0\DotNET\webroot\images\res\pdwcol.bmp
D:\program files\pb11\PowerBuilder 11.0\DotNET\webroot\images\res\pdwcross.ico
D:\program files\pb11\PowerBuilder 11.0\DotNET\webroot\images\res\pdwewiz.ico
D:\program files\pb11\PowerBuilder 11.0\DotNET\webroot\images\res\pdwexpr1.bmp
D:\program files\pb11\PowerBuilder 11.0\DotNET\webroot\images\res\pdwexpr2.bmp
D:\program files\pb11\PowerBuilder 11.0\DotNET\webroot\images\res\pdwform.ico
D:\program files\pb11\PowerBuilder 11.0\DotNET\webroot\images\res\pdwgrid.ico
D:\program files\pb11\PowerBuilder 11.0\DotNET\webroot\images\res\pdwgroup.ico
D:\program files\pb11\PowerBuilder 11.0\DotNET\webroot\images\res\pdwlabel.ico
D:\program files\pb11\PowerBuilder 11.0\DotNET\webroot\images\res\pdwnst.ico
D:\program files\pb11\PowerBuilder 11.0\DotNET\webroot\images\res\pdwnup.ico
D:\program files\pb11\PowerBuilder 11.0\DotNET\webroot\images\res\pdwole.ico
D:\program files\pb11\PowerBuilder 11.0\DotNET\webroot\images\res\pdwoval.bmp
D:\program files\pb11\PowerBuilder 11.0\DotNET\webroot\images\res\pdwrrect.bmp
D:\program files\pb11\PowerBuilder 11.0\DotNET\webroot\images\res\pdwrte.ico
D:\program files\pb11\PowerBuilder 11.0\DotNET\webroot\images\res\pdwscrpt.ico
D:\program files\pb11\PowerBuilder 11.0\DotNET\webroot\images\res\pdwsp.ico
D:\program files\pb11\PowerBuilder 11.0\DotNET\webroot\images\res\pdwsqls.ico
D:\program files\pb11\PowerBuilder 11.0\DotNET\webroot\images\res\pdwsqlsa.ico
D:\program files\pb11\PowerBuilder 11.0\DotNET\webroot\images\res\pdwtabl.ico
D:\program files\pb11\PowerBuilder 11.0\DotNET\webroot\images\res\pdwtree.ico
D:\program files\pb11\PowerBuilder 11.0\DotNET\webroot\images\res\pdx1.bmp
D:\program files\pb11\PowerBuilder 11.0\DotNET\webroot\images\res\pdx10.bmp
D:\program files\pb11\PowerBuilder 11.0\DotNET\webroot\images\res\pdx2.bmp
D:\program files\pb11\PowerBuilder 11.0\DotNET\webroot\images\res\pdx3.bmp
D:\program files\pb11\PowerBuilder 11.0\DotNET\webroot\images\res\pdx8.bmp
D:\program files\pb11\PowerBuilder 11.0\DotNET\webroot\images\res\pdx9.bmp
D:\program files\pb11\PowerBuilder 11.0\DotNET\webroot\images\res\pdxbut1.bmp
D:\program files\pb11\PowerBuilder 11.0\DotNET\webroot\images\res\pdxbut10.bmp
D:\program files\pb11\PowerBuilder 11.0\DotNET\webroot\images\res\pdxbut2.bmp
D:\program files\pb11\PowerBuilder 11.0\DotNET\webroot\images\res\pdxbut3.bmp
D:\program files\pb11\PowerBuilder 11.0\DotNET\webroot\images\res\pdxbut8.bmp
D:\program files\pb11\PowerBuilder 11.0\DotNET\webroot\images\res\pdxbut9.bmp
D:\program files\pb11\PowerBuilder 11.0\DotNET\webroot\images\res\pdxshare.bmp
D:\program files\pb11\PowerBuilder 11.0\DotNET\webroot\images\res\pgactvx.ico
D:\program files\pb11\PowerBuilder 11.0\DotNET\webroot\images\res\pgapptpl.ico
D:\program files\pb11\PowerBuilder 11.0\DotNET\webroot\images\res\pgauto.ico
D:\program files\pb11\PowerBuilder 11.0\DotNET\webroot\images\res\pgcom.ico
D:\program files\pb11\PowerBuilder 11.0\DotNET\webroot\images\res\pgejbpxy.ico
D:\program files\pb11\PowerBuilder 11.0\DotNET\webroot\images\res\pgjag.ico
D:\program files\pb11\PowerBuilder 11.0\DotNET\webroot\images\res\pgjagpxy.ico
D:\program files\pb11\PowerBuilder 11.0\DotNET\webroot\images\res\pgwsprxy.ico
D:\program files\pb11\PowerBuilder 11.0\DotNET\webroot\images\res\pie2d.ico
D:\program files\pb11\PowerBuilder 11.0\DotNET\webroot\images\res\pie3d.ico
D:\program files\pb11\PowerBuilder 11.0\DotNET\webroot\images\res\pjwsprxy.ico
D:\program files\pb11\PowerBuilder 11.0\DotNET\webroot\images\res\plappl.bmp
D:\program files\pb11\PowerBuilder 11.0\DotNET\webroot\images\res\pldatwin.bmp
D:\program files\pb11\PowerBuilder 11.0\DotNET\webroot\images\res\plfunc.bmp
D:\program files\pb11\PowerBuilder 11.0\DotNET\webroot\images\res\plmenu.bmp
D:\program files\pb11\PowerBuilder 11.0\DotNET\webroot\images\res\plstruct.bmp
D:\program files\pb11\PowerBuilder 11.0\DotNET\webroot\images\res\pludo.bmp
D:\program files\pb11\PowerBuilder 11.0\DotNET\webroot\images\res\plwindow.bmp
D:\program files\pb11\PowerBuilder 11.0\DotNET\webroot\images\res\pl_0pb00.bmp
D:\program files\pb11\PowerBuilder 11.0\DotNET\webroot\images\res\pl_0pb11.bmp
D:\program files\pb11\PowerBuilder 11.0\DotNET\webroot\images\res\pl_0pb12.bmp
D:\program files\pb11\PowerBuilder 11.0\DotNET\webroot\images\res\pl_0pb13.bmp
D:\program files\pb11\PowerBuilder 11.0\DotNET\webroot\images\res\pl_0pb14.bmp
D:\program files\pb11\PowerBuilder 11.0\DotNET\webroot\images\res\pl_0pb21.bmp
D:\program files\pb11\PowerBuilder 11.0\DotNET\webroot\images\res\pl_0pb22.bmp
D:\program files\pb11\PowerBuilder 11.0\DotNET\webroot\images\res\pl_0pb23.bmp
D:\program files\pb11\PowerBuilder 11.0\DotNET\webroot\images\res\pl_0pb24.bmp
D:\program files\pb11\PowerBuilder 11.0\DotNET\webroot\images\res\pl_0pb31.bmp
D:\program files\pb11\PowerBuilder 11.0\DotNET\webroot\images\res\pl_0pb32.bmp
D:\program files\pb11\PowerBuilder 11.0\DotNET\webroot\images\res\pl_0pb33.bmp
D:\program files\pb11\PowerBuilder 11.0\DotNET\webroot\images\res\pl_0pb34.bmp
D:\program files\pb11\PowerBuilder 11.0\DotNET\webroot\images\res\pl_0pb41.bmp
D:\program files\pb11\PowerBuilder 11.0\DotNET\webroot\images\res\pl_0pb42.bmp
D:\program files\pb11\PowerBuilder 11.0\DotNET\webroot\images\res\pl_0pb43.bmp
D:\program files\pb11\PowerBuilder 11.0\DotNET\webroot\images\res\pl_0pb44.bmp
D:\program files\pb11\PowerBuilder 11.0\DotNET\webroot\images\res\pl_0pt00.bmp
D:\program files\pb11\PowerBuilder 11.0\DotNET\webroot\images\res\pl_0pt11.bmp
D:\program files\pb11\PowerBuilder 11.0\DotNET\webroot\images\res\pl_0pt12.bmp
D:\program files\pb11\PowerBuilder 11.0\DotNET\webroot\images\res\pl_0pt13.bmp
D:\program files\pb11\PowerBuilder 11.0\DotNET\webroot\images\res\pl_0pt14.bmp
D:\program files\pb11\PowerBuilder 11.0\DotNET\webroot\images\res\pl_0pt21.bmp
D:\program files\pb11\PowerBuilder 11.0\DotNET\webroot\images\res\pl_0pt22.bmp
D:\program files\pb11\PowerBuilder 11.0\DotNET\webroot\images\res\pl_0pt23.bmp
D:\program files\pb11\PowerBuilder 11.0\DotNET\webroot\images\res\pl_0pt24.bmp
D:\program files\pb11\PowerBuilder 11.0\DotNET\webroot\images\res\pl_0pt31.bmp
D:\program files\pb11\PowerBuilder 11.0\DotNET\webroot\images\res\pl_0pt32.bmp
D:\program files\pb11\PowerBuilder 11.0\DotNET\webroot\images\res\pl_0pt33.bmp
D:\program files\pb11\PowerBuilder 11.0\DotNET\webroot\images\res\pl_0pt34.bmp
D:\program files\pb11\PowerBuilder 11.0\DotNET\webroot\images\res\pl_0pt41.bmp
D:\program files\pb11\PowerBuilder 11.0\DotNET\webroot\images\res\pl_0pt42.bmp
D:\program files\pb11\PowerBuilder 11.0\DotNET\webroot\images\res\pl_0pt43.bmp
D:\program files\pb11\PowerBuilder 11.0\DotNET\webroot\images\res\pl_0pt44.bmp
D:\program files\pb11\PowerBuilder 11.0\DotNET\webroot\images\res\pl_0pv00.bmp
D:\program files\pb11\PowerBuilder 11.0\DotNET\webroot\images\res\pl_0pv11.bmp
D:\program files\pb11\PowerBuilder 11.0\DotNET\webroot\images\res\pl_0pv12.bmp
D:\program files\pb11\PowerBuilder 11.0\DotNET\webroot\images\res\pl_0pv13.bmp
D:\program files\pb11\PowerBuilder 11.0\DotNET\webroot\images\res\pl_0pv14.bmp
D:\program files\pb11\PowerBuilder 11.0\DotNET\webroot\images\res\pl_0pv21.bmp
D:\program files\pb11\PowerBuilder 11.0\DotNET\webroot\images\res\pl_0pv22.bmp
D:\program files\pb11\PowerBuilder 11.0\DotNET\webroot\images\res\pl_0pv23.bmp
D:\program files\pb11\PowerBuilder 11.0\DotNET\webroot\images\res\pl_0pv24.bmp
D:\program files\pb11\PowerBuilder 11.0\DotNET\webroot\images\res\pl_0pv31.bmp
D:\program files\pb11\PowerBuilder 11.0\DotNET\webroot\images\res\pl_0pv32.bmp
D:\program files\pb11\PowerBuilder 11.0\DotNET\webroot\images\res\pl_0pv33.bmp
D:\program files\pb11\PowerBuilder 11.0\DotNET\webroot\images\res\pl_0pv34.bmp
D:\program files\pb11\PowerBuilder 11.0\DotNET\webroot\images\res\pl_0pv41.bmp
D:\program files\pb11\PowerBuilder 11.0\DotNET\webroot\images\res\pl_0pv42.bmp
D:\program files\pb11\PowerBuilder 11.0\DotNET\webroot\images\res\pl_0pv43.bmp
D:\program files\pb11\PowerBuilder 11.0\DotNET\webroot\images\res\pl_0pv44.bmp
D:\program files\pb11\PowerBuilder 11.0\DotNET\webroot\images\res\pl_blank.bmp
D:\program files\pb11\PowerBuilder 11.0\DotNET\webroot\images\res\pl_fold.bmp
D:\program files\pb11\PowerBuilder 11.0\DotNET\webroot\images\res\pl_ipb00.bmp
D:\program files\pb11\PowerBuilder 11.0\DotNET\webroot\images\res\pl_ipb11.bmp
D:\program files\pb11\PowerBuilder 11.0\DotNET\webroot\images\res\pl_ipb12.bmp
D:\program files\pb11\PowerBuilder 11.0\DotNET\webroot\images\res\pl_ipb13.bmp
D:\program files\pb11\PowerBuilder 11.0\DotNET\webroot\images\res\pl_ipb14.bmp
D:\program files\pb11\PowerBuilder 11.0\DotNET\webroot\images\res\pl_ipb21.bmp
D:\program files\pb11\PowerBuilder 11.0\DotNET\webroot\images\res\pl_ipb22.bmp
D:\program files\pb11\PowerBuilder 11.0\DotNET\webroot\images\res\pl_ipb23.bmp
D:\program files\pb11\PowerBuilder 11.0\DotNET\webroot\images\res\pl_ipb24.bmp
D:\program files\pb11\PowerBuilder 11.0\DotNET\webroot\images\res\pl_ipb31.bmp
D:\program files\pb11\PowerBuilder 11.0\DotNET\webroot\images\res\pl_ipb32.bmp
D:\program files\pb11\PowerBuilder 11.0\DotNET\webroot\images\res\pl_ipb33.bmp
D:\program files\pb11\PowerBuilder 11.0\DotNET\webroot\images\res\pl_ipb34.bmp
D:\program files\pb11\PowerBuilder 11.0\DotNET\webroot\images\res\pl_ipb41.bmp
D:\program files\pb11\PowerBuilder 11.0\DotNET\webroot\images\res\pl_ipb42.bmp
D:\program files\pb11\PowerBuilder 11.0\DotNET\webroot\images\res\pl_ipb43.bmp
D:\program files\pb11\PowerBuilder 11.0\DotNET\webroot\images\res\pl_ipb44.bmp
D:\program files\pb11\PowerBuilder 11.0\DotNET\webroot\images\res\pl_ipt00.bmp
D:\program files\pb11\PowerBuilder 11.0\DotNET\webroot\images\res\pl_ipt11.bmp
D:\program files\pb11\PowerBuilder 11.0\DotNET\webroot\images\res\pl_ipt12.bmp
D:\program files\pb11\PowerBuilder 11.0\DotNET\webroot\images\res\pl_ipt13.bmp
D:\program files\pb11\PowerBuilder 11.0\DotNET\webroot\images\res\pl_ipt14.bmp
D:\program files\pb11\PowerBuilder 11.0\DotNET\webroot\images\res\pl_ipt21.bmp
D:\program files\pb11\PowerBuilder 11.0\DotNET\webroot\images\res\pl_ipt22.bmp
D:\program files\pb11\PowerBuilder 11.0\DotNET\webroot\images\res\pl_ipt23.bmp
D:\program files\pb11\PowerBuilder 11.0\DotNET\webroot\images\res\pl_ipt24.bmp
D:\program files\pb11\PowerBuilder 11.0\DotNET\webroot\images\res\pl_ipt31.bmp
D:\program files\pb11\PowerBuilder 11.0\DotNET\webroot\images\res\pl_ipt32.bmp
D:\program files\pb11\PowerBuilder 11.0\DotNET\webroot\images\res\pl_ipt33.bmp
D:\program files\pb11\PowerBuilder 11.0\DotNET\webroot\images\res\pl_ipt34.bmp
D:\program files\pb11\PowerBuilder 11.0\DotNET\webroot\images\res\pl_ipt41.bmp
D:\program files\pb11\PowerBuilder 11.0\DotNET\webroot\images\res\pl_ipt42.bmp
D:\program files\pb11\PowerBuilder 11.0\DotNET\webroot\images\res\pl_ipt43.bmp
D:\program files\pb11\PowerBuilder 11.0\DotNET\webroot\images\res\pl_ipt44.bmp
D:\program files\pb11\PowerBuilder 11.0\DotNET\webroot\images\res\pl_ipv00.bmp
D:\program files\pb11\PowerBuilder 11.0\DotNET\webroot\images\res\pl_ipv11.bmp
D:\program files\pb11\PowerBuilder 11.0\DotNET\webroot\images\res\pl_ipv12.bmp
D:\program files\pb11\PowerBuilder 11.0\DotNET\webroot\images\res\pl_ipv13.bmp
D:\program files\pb11\PowerBuilder 11.0\DotNET\webroot\images\res\pl_ipv14.bmp
D:\program files\pb11\PowerBuilder 11.0\DotNET\webroot\images\res\pl_ipv21.bmp
D:\program files\pb11\PowerBuilder 11.0\DotNET\webroot\images\res\pl_ipv22.bmp
D:\program files\pb11\PowerBuilder 11.0\DotNET\webroot\images\res\pl_ipv23.bmp
D:\program files\pb11\PowerBuilder 11.0\DotNET\webroot\images\res\pl_ipv24.bmp
D:\program files\pb11\PowerBuilder 11.0\DotNET\webroot\images\res\pl_ipv31.bmp
D:\program files\pb11\PowerBuilder 11.0\DotNET\webroot\images\res\pl_ipv32.bmp
D:\program files\pb11\PowerBuilder 11.0\DotNET\webroot\images\res\pl_ipv33.bmp
D:\program files\pb11\PowerBuilder 11.0\DotNET\webroot\images\res\pl_ipv34.bmp
D:\program files\pb11\PowerBuilder 11.0\DotNET\webroot\images\res\pl_ipv41.bmp
D:\program files\pb11\PowerBuilder 11.0\DotNET\webroot\images\res\pl_ipv42.bmp
D:\program files\pb11\PowerBuilder 11.0\DotNET\webroot\images\res\pl_ipv43.bmp
D:\program files\pb11\PowerBuilder 11.0\DotNET\webroot\images\res\pl_ipv44.bmp
D:\program files\pb11\PowerBuilder 11.0\DotNET\webroot\images\res\pst_drag.cur
D:\program files\pb11\PowerBuilder 11.0\DotNET\webroot\images\res\pwactvx.ico
D:\program files\pb11\PowerBuilder 11.0\DotNET\webroot\images\res\pwapptpl.ico
D:\program files\pb11\PowerBuilder 11.0\DotNET\webroot\images\res\pwarrow.bmp
D:\program files\pb11\PowerBuilder 11.0\DotNET\webroot\images\res\pwauto.ico
D:\program files\pb11\PowerBuilder 11.0\DotNET\webroot\images\res\pwbmap.bmp
D:\program files\pb11\PowerBuilder 11.0\DotNET\webroot\images\res\pwcom.ico
D:\program files\pb11\PowerBuilder 11.0\DotNET\webroot\images\res\pwdebug.bmp
D:\program files\pb11\PowerBuilder 11.0\DotNET\webroot\images\res\pwejbpxy.ico
D:\program files\pb11\PowerBuilder 11.0\DotNET\webroot\images\res\pwjag.ico
D:\program files\pb11\PowerBuilder 11.0\DotNET\webroot\images\res\pwjagpxy.ico
D:\program files\pb11\PowerBuilder 11.0\DotNET\webroot\images\res\pwline.bmp
D:\program files\pb11\PowerBuilder 11.0\DotNET\webroot\images\res\pwrect.bmp
D:\program files\pb11\PowerBuilder 11.0\DotNET\webroot\images\res\pwrun.bmp
D:\program files\pb11\PowerBuilder 11.0\DotNET\webroot\images\res\pwtext.bmp
D:\program files\pb11\PowerBuilder 11.0\DotNET\webroot\images\res\pwwsprxy.ico
D:\program files\pb11\PowerBuilder 11.0\DotNET\webroot\images\res\question.ico
D:\program files\pb11\PowerBuilder 11.0\DotNET\webroot\images\res\rtc.resources
D:\program files\pb11\PowerBuilder 11.0\DotNET\webroot\images\res\rtc.resX
D:\program files\pb11\PowerBuilder 11.0\DotNET\webroot\images\res\scat2d.ico
D:\program files\pb11\PowerBuilder 11.0\DotNET\webroot\images\res\size.bmp
D:\program files\pb11\PowerBuilder 11.0\DotNET\webroot\images\res\sizenesw.bmp
D:\program files\pb11\PowerBuilder 11.0\DotNET\webroot\images\res\sizens.bmp
D:\program files\pb11\PowerBuilder 11.0\DotNET\webroot\images\res\sizenwse.bmp
D:\program files\pb11\PowerBuilder 11.0\DotNET\webroot\images\res\sizewe.bmp
D:\program files\pb11\PowerBuilder 11.0\DotNET\webroot\images\res\sizhght.bmp
D:\program files\pb11\PowerBuilder 11.0\DotNET\webroot\images\res\sizwidth.bmp
D:\program files\pb11\PowerBuilder 11.0\DotNET\webroot\images\res\spchorz.bmp
D:\program files\pb11\PowerBuilder 11.0\DotNET\webroot\images\res\spcvert.bmp
D:\program files\pb11\PowerBuilder 11.0\DotNET\webroot\images\res\stopsign.ico
D:\program files\pb11\PowerBuilder 11.0\DotNET\webroot\images\res\swactvx.ico
D:\program files\pb11\PowerBuilder 11.0\DotNET\webroot\images\res\swapp.ico
D:\program files\pb11\PowerBuilder 11.0\DotNET\webroot\images\res\swappsrv.ico
D:\program files\pb11\PowerBuilder 11.0\DotNET\webroot\images\res\swapptpl.ico
D:\program files\pb11\PowerBuilder 11.0\DotNET\webroot\images\res\swauto.ico
D:\program files\pb11\PowerBuilder 11.0\DotNET\webroot\images\res\swcom.ico
D:\program files\pb11\PowerBuilder 11.0\DotNET\webroot\images\res\swjag.ico
D:\program files\pb11\PowerBuilder 11.0\DotNET\webroot\images\res\uparrow.bmp
D:\program files\pb11\PowerBuilder 11.0\DotNET\webroot\images\res\winlogo.ico
D:\program files\pb11\PowerBuilder 11.0\DotNET\webroot\images\res\wpgchkdd.bmp
D:\program files\pb11\PowerBuilder 11.0\DotNET\webroot\images\res\wpgchked.bmp
D:\program files\pb11\PowerBuilder 11.0\DotNET\webroot\images\res\wpgfldrs.bmp
D:\program files\pb11\PowerBuilder 11.0\DotNET\webroot\images\res\wpgport.bmp
D:\program files\pb11\PowerBuilder 11.0\DotNET\webroot\images\res\wpgserv.bmp
D:\program files\pb11\PowerBuilder 11.0\DotNET\webroot\images\res\wpgsvc.bmp
D:\program files\pb11\PowerBuilder 11.0\DotNET\webroot\RadControls\LicenseFile.xml
D:\program files\pb11\PowerBuilder 11.0\DotNET\webroot\RadControls\Calendar\Images\arrow.gif
D:\program files\pb11\PowerBuilder 11.0\DotNET\webroot\RadControls\Calendar\Skins\PB\Calendar.css
D:\program files\pb11\PowerBuilder 11.0\DotNET\webroot\RadControls\Calendar\Skins\PB\RadTimePicker.css
D:\program files\pb11\PowerBuilder 11.0\DotNET\webroot\RadControls\Calendar\Skins\PB\Img\arrowLeft.gif
D:\program files\pb11\PowerBuilder 11.0\DotNET\webroot\RadControls\Calendar\Skins\PB\Img\arrowRight.gif
D:\program files\pb11\PowerBuilder 11.0\DotNET\webroot\RadControls\Calendar\Skins\PB\Img\calendarBg.gif
D:\program files\pb11\PowerBuilder 11.0\DotNET\webroot\RadControls\Calendar\Skins\PB\Img\clock.gif
D:\program files\pb11\PowerBuilder 11.0\DotNET\webroot\RadControls\Calendar\Skins\PB\Img\clockHover.gif
D:\program files\pb11\PowerBuilder 11.0\DotNET\webroot\RadControls\Calendar\Skins\PB\Img\ContextMenuInputBg.gif
D:\program files\pb11\PowerBuilder 11.0\DotNET\webroot\RadControls\Calendar\Skins\PB\Img\datePickerPopup.gif
D:\program files\pb11\PowerBuilder 11.0\DotNET\webroot\RadControls\Calendar\Skins\PB\Img\datePickerPopupHover.gif
D:\program files\pb11\PowerBuilder 11.0\DotNET\webroot\RadControls\Calendar\Skins\PB\Img\fastNavLeft.gif
D:\program files\pb11\PowerBuilder 11.0\DotNET\webroot\RadControls\Calendar\Skins\PB\Img\fastNavRight.gif
D:\program files\pb11\PowerBuilder 11.0\DotNET\webroot\RadControls\Calendar\Skins\PB\Img\HoverBg.gif
D:\program files\pb11\PowerBuilder 11.0\DotNET\webroot\RadControls\Calendar\Skins\PB\Img\MonthYearFastNavBtnBg.gif
D:\program files\pb11\PowerBuilder 11.0\DotNET\webroot\RadControls\Calendar\Skins\PB\Img\selectBg.gif
D:\program files\pb11\PowerBuilder 11.0\DotNET\webroot\RadControls\Calendar\Skins\PB\Img\TodayBg.gif
D:\program files\pb11\PowerBuilder 11.0\DotNET\webroot\RadControls\Input\Skins\Default\styles.css
D:\program files\pb11\PowerBuilder 11.0\DotNET\webroot\RadControls\Input\Skins\Default\Img\button.gif
D:\program files\pb11\PowerBuilder 11.0\DotNET\webroot\RadControls\Input\Skins\Default\Img\buttondown.gif
D:\program files\pb11\PowerBuilder 11.0\DotNET\webroot\RadControls\Input\Skins\Default\Img\buttonup.gif
D:\program files\pb11\PowerBuilder 11.0\DotNET\webroot\RadControls\Input\Skins\Default\Img\default.gif
D:\program files\pb11\PowerBuilder 11.0\DotNET\webroot\RadControls\Input\Skins\Default\Img\error.gif
D:\program files\pb11\PowerBuilder 11.0\DotNET\webroot\RadControls\Input\Skins\Default\Img\focus.gif
D:\program files\pb11\PowerBuilder 11.0\DotNET\webroot\RadControls\Input\Skins\Default\Img\over.gif
D:\program files\pb11\PowerBuilder 11.0\DotNET\webroot\RadControls\Menu\Scripts\4_3_2\menu.css
D:\program files\pb11\PowerBuilder 11.0\DotNET\webroot\RadControls\Menu\Skins\PBContemporary\styles.css
D:\program files\pb11\PowerBuilder 11.0\DotNET\webroot\RadControls\Menu\Skins\PBContemporary\Img\bottom.gif
D:\program files\pb11\PowerBuilder 11.0\DotNET\webroot\RadControls\Menu\Skins\PBContemporary\Img\GroupBkg.gif
D:\program files\pb11\PowerBuilder 11.0\DotNET\webroot\RadControls\Menu\Skins\PBContemporary\Img\groupImage.gif
D:\program files\pb11\PowerBuilder 11.0\DotNET\webroot\RadControls\Menu\Skins\PBContemporary\Img\groupImageRTL.gif
D:\program files\pb11\PowerBuilder 11.0\DotNET\webroot\RadControls\Menu\Skins\PBContemporary\Img\left.gif
D:\program files\pb11\PowerBuilder 11.0\DotNET\webroot\RadControls\Menu\Skins\PBContemporary\Img\right.gif
D:\program files\pb11\PowerBuilder 11.0\DotNET\webroot\RadControls\Menu\Skins\PBContemporary\Img\RootItemBkg.gif
D:\program files\pb11\PowerBuilder 11.0\DotNET\webroot\RadControls\Menu\Skins\PBContemporary\Img\RootItemFocusedBkg.gif
D:\program files\pb11\PowerBuilder 11.0\DotNET\webroot\RadControls\Menu\Skins\PBContemporary\Img\top.gif
D:\program files\pb11\PowerBuilder 11.0\DotNET\webroot\RadControls\Menu\Skins\PBTraditional\styles.css
D:\program files\pb11\PowerBuilder 11.0\DotNET\webroot\RadControls\Menu\Skins\PBTraditional\img\bottom.gif
D:\program files\pb11\PowerBuilder 11.0\DotNET\webroot\RadControls\Menu\Skins\PBTraditional\img\groupImage.gif
D:\program files\pb11\PowerBuilder 11.0\DotNET\webroot\RadControls\Menu\Skins\PBTraditional\img\invertedGroupImage.gif
D:\program files\pb11\PowerBuilder 11.0\DotNET\webroot\RadControls\Menu\Skins\PBTraditional\img\left.gif
D:\program files\pb11\PowerBuilder 11.0\DotNET\webroot\RadControls\Menu\Skins\PBTraditional\img\right.gif
D:\program files\pb11\PowerBuilder 11.0\DotNET\webroot\RadControls\Menu\Skins\PBTraditional\img\top.gif
D:\program files\pb11\PowerBuilder 11.0\DotNET\webroot\RadControls\Toolbar\Skins\PBContemporary\PBContemporary.css
D:\program files\pb11\PowerBuilder 11.0\DotNET\webroot\RadControls\Toolbar\Skins\PBContemporary\img\separator_h.gif
D:\program files\pb11\PowerBuilder 11.0\DotNET\webroot\RadControls\Toolbar\Skins\PBContemporary\img\toolbarLeft.bmp
D:\program files\pb11\PowerBuilder 11.0\DotNET\webroot\RadControls\Toolbar\Skins\PBContemporary\img\toolbarRight.bmp
D:\program files\pb11\PowerBuilder 11.0\DotNET\webroot\RadControls\Toolbar\Skins\PBTraditional\PBTraditional.css
D:\program files\pb11\PowerBuilder 11.0\DotNET\webroot\RadControls\Toolbar\Skins\PBTraditional\img\separator_h.gif
D:\program files\pb11\PowerBuilder 11.0\DotNET\webroot\RadControls\Toolbar\Skins\PBTraditional\img\toolbarLeft.bmp
D:\program files\pb11\PowerBuilder 11.0\DotNET\webroot\RadControls\Toolbar\Skins\PBTraditional\img\toolbarRight.bmp
D:\program files\pb11\PowerBuilder 11.0\DotNET\webroot\scripts\AppendRow.gif
D:\program files\pb11\PowerBuilder 11.0\DotNET\webroot\scripts\Cancel.gif
D:\program files\pb11\PowerBuilder 11.0\DotNET\webroot\scripts\DeleteRow.gif
D:\program files\pb11\PowerBuilder 11.0\DotNET\webroot\scripts\dwcommon.js
D:\program files\pb11\PowerBuilder 11.0\DotNET\webroot\scripts\dwdatetime.js
D:\program files\pb11\PowerBuilder 11.0\DotNET\webroot\scripts\dwnumber.js
D:\program files\pb11\PowerBuilder 11.0\DotNET\webroot\scripts\dwstring.js
D:\program files\pb11\PowerBuilder 11.0\DotNET\webroot\scripts\Filter.gif
D:\program files\pb11\PowerBuilder 11.0\DotNET\webroot\scripts\InsertRow.gif
D:\program files\pb11\PowerBuilder 11.0\DotNET\webroot\scripts\PageFirst.gif
D:\program files\pb11\PowerBuilder 11.0\DotNET\webroot\scripts\PageLast.gif
D:\program files\pb11\PowerBuilder 11.0\DotNET\webroot\scripts\PageNext.gif
D:\program files\pb11\PowerBuilder 11.0\DotNET\webroot\scripts\PagePrior.gif
D:\program files\pb11\PowerBuilder 11.0\DotNET\webroot\scripts\PBCheckBox.js
D:\program files\pb11\PowerBuilder 11.0\DotNET\webroot\scripts\PBCollections.js
D:\program files\pb11\PowerBuilder 11.0\DotNET\webroot\scripts\PBCommonUtil.js
D:\program files\pb11\PowerBuilder 11.0\DotNET\webroot\scripts\PBConst.js
D:\program files\pb11\PowerBuilder 11.0\DotNET\webroot\scripts\PBDataWindow.js
D:\program files\pb11\PowerBuilder 11.0\DotNET\webroot\scripts\PBDatePicker.js
D:\program files\pb11\PowerBuilder 11.0\DotNET\webroot\scripts\PBDialog.js
D:\program files\pb11\PowerBuilder 11.0\DotNET\webroot\scripts\PBDropDownListBox.js
D:\program files\pb11\PowerBuilder 11.0\DotNET\webroot\scripts\PBEditMask.js
D:\program files\pb11\PowerBuilder 11.0\DotNET\webroot\scripts\PBFile.js
D:\program files\pb11\PowerBuilder 11.0\DotNET\webroot\scripts\PBGraph.js
D:\program files\pb11\PowerBuilder 11.0\DotNET\webroot\scripts\PBListView.js
D:\program files\pb11\PowerBuilder 11.0\DotNET\webroot\scripts\PBMenu.htc
D:\program files\pb11\PowerBuilder 11.0\DotNET\webroot\scripts\PBMessageBox.js
D:\program files\pb11\PowerBuilder 11.0\DotNET\webroot\scripts\PBPDFPrinting.js
D:\program files\pb11\PowerBuilder 11.0\DotNET\webroot\scripts\PBPicture.js
D:\program files\pb11\PowerBuilder 11.0\DotNET\webroot\scripts\PBPictureListBox.js
D:\program files\pb11\PowerBuilder 11.0\DotNET\webroot\scripts\PBProgressBar.js
D:\program files\pb11\PowerBuilder 11.0\DotNET\webroot\scripts\PBRichEdit.js
D:\program files\pb11\PowerBuilder 11.0\DotNET\webroot\scripts\PBScrollBar.js
D:\program files\pb11\PowerBuilder 11.0\DotNET\webroot\scripts\PBStatic.js
D:\program files\pb11\PowerBuilder 11.0\DotNET\webroot\scripts\PBTab.js
D:\program files\pb11\PowerBuilder 11.0\DotNET\webroot\scripts\PBTextBox.js
D:\program files\pb11\PowerBuilder 11.0\DotNET\webroot\scripts\PBTreeView.js
D:\program files\pb11\PowerBuilder 11.0\DotNET\webroot\scripts\PBWindow.js
D:\program files\pb11\PowerBuilder 11.0\DotNET\webroot\scripts\Preview.gif
D:\program files\pb11\PowerBuilder 11.0\DotNET\webroot\scripts\Print2.gif
D:\program files\pb11\PowerBuilder 11.0\DotNET\webroot\scripts\QueryClear.gif
D:\program files\pb11\PowerBuilder 11.0\DotNET\webroot\scripts\QueryModeOn.gif
D:\program files\pb11\PowerBuilder 11.0\DotNET\webroot\scripts\QuerySortOn.gif
D:\program files\pb11\PowerBuilder 11.0\DotNET\webroot\scripts\Retrieve.gif
D:\program files\pb11\PowerBuilder 11.0\DotNET\webroot\scripts\Ruler.gif
D:\program files\pb11\PowerBuilder 11.0\DotNET\webroot\scripts\SaveRowsAs.gif
D:\program files\pb11\PowerBuilder 11.0\DotNET\webroot\scripts\Sort.gif
D:\program files\pb11\PowerBuilder 11.0\DotNET\webroot\scripts\Update.gif
1117 File(s) copied

H:\work_app\program-test\cr495212\dwproperty_webform.pbt_build\dwproperty>xcopy /D /Y "D:\program files\pb11\PowerBuilder 11.0\DotNET\bin\Sybase.PowerBuilder.System.pbd" "..\dwproperty_root"\file\common\c\~pl_\ 
D:\program files\pb11\PowerBuilder 11.0\DotNET\bin\Sybase.PowerBuilder.System.pbd
1 File(s) copied

H:\work_app\program-test\cr495212\dwproperty_webform.pbt_build\dwproperty>if exist "D:\program files\pb11\PowerBuilder 11.0\DotNET\bin\Microsoft.Web.UI.WebControls.dll" xcopy /D /Y "D:\program files\pb11\PowerBuilder 11.0\DotNET\bin\Microsoft.Web.UI.WebControls.dll" debug\ 
0 File(s) copied

H:\work_app\program-test\cr495212\dwproperty_webform.pbt_build\dwproperty>if exist "D:\program files\pb11\PowerBuilder 11.0\DotNET\bin\RadTreeView.Net2.dll" xcopy /D /Y "D:\program files\pb11\PowerBuilder 11.0\DotNET\bin\RadTreeView.Net2.dll" debug\ 
0 File(s) copied

H:\work_app\program-test\cr495212\dwproperty_webform.pbt_build\dwproperty>if exist "D:\program files\pb11\PowerBuilder 11.0\DotNET\bin\RadMenu.Net2.dll" xcopy /D /Y "D:\program files\pb11\PowerBuilder 11.0\DotNET\bin\RadMenu.Net2.dll" debug\ 
0 File(s) copied

H:\work_app\program-test\cr495212\dwproperty_webform.pbt_build\dwproperty>if exist "D:\program files\pb11\PowerBuilder 11.0\DotNET\bin\RadToolbar.Net2.dll" xcopy /D /Y "D:\program files\pb11\PowerBuilder 11.0\DotNET\bin\RadToolbar.Net2.dll" debug\ 
0 File(s) copied

H:\work_app\program-test\cr495212\dwproperty_webform.pbt_build\dwproperty>if exist "D:\program files\pb11\PowerBuilder 11.0\DotNET\bin\RadCalendar.Net2.dll" xcopy /D /Y "D:\program files\pb11\PowerBuilder 11.0\DotNET\bin\RadCalendar.Net2.dll" debug\ 
0 File(s) copied

H:\work_app\program-test\cr495212\dwproperty_webform.pbt_build\dwproperty>if exist "D:\program files\pb11\PowerBuilder 11.0\DotNET\bin\RadInput.Net2.dll" xcopy /D /Y "D:\program files\pb11\PowerBuilder 11.0\DotNET\bin\RadInput.Net2.dll" debug\ 
0 File(s) copied

H:\work_app\program-test\cr495212\dwproperty_webform.pbt_build\dwproperty>reg import "D:\program files\pb11\PowerBuilder 11.0\DotNET\bin\PBExceptionTrace.reg" 

The operation completed successfully

H:\work_app\program-test\cr495212\dwproperty_webform.pbt_build\dwproperty>if "H:\work_app\program-test\cr495212\dwproperty_webform.pbt_build\csc_output_file_name.txt" == "" (csc /t:library /debug /platform:x86 "/r:D:\program files\pb11\PowerBuilder 11.0\DotNET\bin\Sybase.PowerBuilder.Core.dll;D:\program files\pb11\PowerBuilder 11.0\DotNET\bin\Sybase.PowerBuilder.Interop.dll;D:\program files\pb11\PowerBuilder 11.0\DotNET\bin\Sybase.PowerBuilder.Common.dll;D:\program files\pb11\PowerBuilder 11.0\DotNET\bin\Sybase.PowerBuilder.Web.dll;D:\program files\pb11\PowerBuilder 11.0\DotNET\bin\com.sybase.ejb.net.dll;D:\program files\pb11\PowerBuilder 11.0\DotNET\bin\com.sybase.iiop.net.dll;E:\WINDOWS\assembly\GAC_MSIL\System.Web.Extensions\1.0.61025.0__31bf3856ad364e35\System.Web.Extensions.dll" /out:"debug\dwproperty.dll" @mb.rsp )  else (csc /t:library /debug /platform:x86 "/r:D:\program files\pb11\PowerBuilder 11.0\DotNET\bin\Sybase.PowerBuilder.Core.dll;D:\program files\pb11\PowerBuilder 11.0\DotNET\bin\Sybase.PowerBuilder.Interop.dll;D:\program files\pb11\PowerBuilder 11.0\DotNET\bin\Sybase.PowerBuilder.Common.dll;D:\program files\pb11\PowerBuilder 11.0\DotNET\bin\Sybase.PowerBuilder.Web.dll;D:\program files\pb11\PowerBuilder 11.0\DotNET\bin\com.sybase.ejb.net.dll;D:\program files\pb11\PowerBuilder 11.0\DotNET\bin\com.sybase.iiop.net.dll;E:\WINDOWS\assembly\GAC_MSIL\System.Web.Extensions\1.0.61025.0__31bf3856ad364e35\System.Web.Extensions.dll" /out:"debug\dwproperty.dll" @mb.rsp  1>"H:\work_app\program-test\cr495212\dwproperty_webform.pbt_build\csc_output_file_name.txt" ) 
Build Succeeded.

H:\work_app\program-test\cr495212\dwproperty_webform.pbt_build\dwproperty>goto end 

H:\work_app\program-test\cr495212\dwproperty_webform.pbt_build\dwproperty>md bin 

H:\work_app\program-test\cr495212\dwproperty_webform.pbt_build\dwproperty>xcopy /D /Y /E debug\*.* bin\ 
debug\dwproperty.dll
debug\dwproperty.pdb
debug\f_getlibrarylist.netmodule
debug\f_getlibrarylist.pdb
debug\f_testexecute.netmodule
debug\f_testexecute.pdb
debug\Microsoft.Web.UI.WebControls.dll
debug\nvo_control_sqlca.netmodule
debug\nvo_control_sqlca.pdb
debug\nvo_datastore.netmodule
debug\nvo_datastore.pdb
debug\nvo_results.netmodule
debug\nvo_results.pdb
debug\nvo_string.netmodule
debug\nvo_string.pdb
debug\pbglobal_pbl.netmodule
debug\pbglobal_pbl.pdb
debug\RadCalendar.Net2.dll
debug\RadInput.Net2.dll
debug\RadMenu.Net2.dll
debug\RadToolbar.Net2.dll
debug\RadTreeView.Net2.dll
debug\str_memorystatus.netmodule
debug\str_memorystatus.pdb
debug\uo_memory.netmodule
debug\uo_memory.pdb
debug\w_browsecycle.netmodule
debug\w_browsecycle.pdb
debug\w_main.netmodule
debug\w_main.pdb
debug\w_results.netmodule
debug\w_results.pdb
debug\w_starttrace.netmodule
debug\w_starttrace.pdb
debug\w_test_controller.netmodule
debug\w_test_controller.pdb
36 File(s) copied

H:\work_app\program-test\cr495212\dwproperty_webform.pbt_build\dwproperty>rem endlocal 

H:\work_app\program-test\cr495212\dwproperty_webform.pbt_build\dwproperty>if ERRORLEVEL 1 exit 2 

H:\work_app\program-test\cr495212\dwproperty_webform.pbt_build\dwproperty>if exist "H:\work_app\program-test\cr495212\dwproperty_webform.pbt_build\dwproperty\*.cs" del "H:\work_app\program-test\cr495212\dwproperty_webform.pbt_build\dwproperty\*.cs" 
Generating PowerBuilder .NET assemblies succeeded.

H:\work_app\program-test\cr495212\dwproperty_webform.pbt_build>if not exist "H:\work_app\program-test\cr495212\dwproperty_webform.pbt_build\Debug" mkdir "H:\work_app\program-test\cr495212\dwproperty_webform.pbt_build\Debug"  

H:\work_app\program-test\cr495212\dwproperty_webform.pbt_build>xcopy /Y /E /D "H:\work_app\program-test\cr495212\dwproperty_webform.pbt_build\dwproperty\Debug" "H:\work_app\program-test\cr495212\dwproperty_webform.pbt_build\Debug"  
H:\work_app\program-test\cr495212\dwproperty_webform.pbt_build\dwproperty\Debug\dwproperty.dll
H:\work_app\program-test\cr495212\dwproperty_webform.pbt_build\dwproperty\Debug\dwproperty.pdb
2 File(s) copied

H:\work_app\program-test\cr495212\dwproperty_webform.pbt_build>rd /S /Q "H:\work_app\program-test\cr495212\dwproperty_webform.pbt_build\dwproperty\Debug"  
Copying files from H:\work_app\program-test\cr495212\dwproperty_webform.pbt_build\dwproperty\Debug to H:\work_app\program-test\cr495212\dwproperty_webform.pbt_build\Debug succeeded.

H:\work_app\program-test\cr495212\dwproperty_webform.pbt_build\dwproperty>if not exist "e:\inetpub\wwwroot\dwproperty\..\dwproperty_root\file\common\H\work_app\program-test\cr495212" mkdir "e:\inetpub\wwwroot\dwproperty\..\dwproperty_root\file\common\H\work_app\program-test\cr495212" 

H:\work_app\program-test\cr495212\dwproperty_webform.pbt_build\dwproperty>xcopy /H /D /Y "H:\work_app\program-test\cr495212\dwproperty_webform.pbt_build\pbd\dwproperty.pbd" "e:\inetpub\wwwroot\dwproperty\..\dwproperty_root\file\common\c\~pl_\" 
0 File(s) copied

H:\work_app\program-test\cr495212\dwproperty_webform.pbt_build\dwproperty>xcopy /H /D /Y "H:\work_app\program-test\cr495212\dwproperty_webform.pbt_build\pbd\control.pbd" "e:\inetpub\wwwroot\dwproperty\..\dwproperty_root\file\common\c\~pl_\" 
0 File(s) copied
Deploying PowerBuilder .NET assemblies succeeded.

H:\work_app\program-test\cr495212\dwproperty_webform.pbt_build\dwproperty>"createvroot.vbs"
Create virtual directory succeeded.

H:\work_app\program-test\cr495212\dwproperty_webform.pbt_build>if not exist "e:\inetpub\wwwroot\dwproperty" mkdir "e:\inetpub\wwwroot\dwproperty"  

H:\work_app\program-test\cr495212\dwproperty_webform.pbt_build>xcopy /Y /E /D "H:\work_app\program-test\cr495212\dwproperty_webform.pbt_build\dwproperty" "e:\inetpub\wwwroot\dwproperty"  
H:\work_app\program-test\cr495212\dwproperty_webform.pbt_build\dwproperty\default.aspx
H:\work_app\program-test\cr495212\dwproperty_webform.pbt_build\dwproperty\default_sy.aspx
H:\work_app\program-test\cr495212\dwproperty_webform.pbt_build\dwproperty\insert_image.html
H:\work_app\program-test\cr495212\dwproperty_webform.pbt_build\dwproperty\insert_table.html
H:\work_app\program-test\cr495212\dwproperty_webform.pbt_build\dwproperty\log.txt
H:\work_app\program-test\cr495212\dwproperty_webform.pbt_build\dwproperty\mb.rsp
H:\work_app\program-test\cr495212\dwproperty_webform.pbt_build\dwproperty\web.config
H:\work_app\program-test\cr495212\dwproperty_webform.pbt_build\dwproperty\bin\dwproperty.dll
H:\work_app\program-test\cr495212\dwproperty_webform.pbt_build\dwproperty\bin\dwproperty.pdb
9 File(s) copied

H:\work_app\program-test\cr495212\dwproperty_webform.pbt_build>rd /S /Q "H:\work_app\program-test\cr495212\dwproperty_webform.pbt_build\dwproperty"  
Copying files from H:\work_app\program-test\cr495212\dwproperty_webform.pbt_build\dwproperty to e:\inetpub\wwwroot\dwproperty succeeded.

H:\work_app\program-test\cr495212\dwproperty_webform.pbt_build>if not exist "e:\inetpub\wwwroot\dwproperty_root" mkdir "e:\inetpub\wwwroot\dwproperty_root"  

H:\work_app\program-test\cr495212\dwproperty_webform.pbt_build>xcopy /Y /E /D "H:\work_app\program-test\cr495212\dwproperty_webform.pbt_build\dwproperty_root" "e:\inetpub\wwwroot\dwproperty_root"  
0 File(s) copied

H:\work_app\program-test\cr495212\dwproperty_webform.pbt_build>rd /S /Q "H:\work_app\program-test\cr495212\dwproperty_webform.pbt_build\dwproperty_root"  
Copying files from H:\work_app\program-test\cr495212\dwproperty_webform.pbt_build\dwproperty_root to e:\inetpub\wwwroot\dwproperty_root succeeded.

e:\inetpub\wwwroot\dwproperty>rem setlocal 

e:\inetpub\wwwroot\dwproperty>net user ASPNET 
User name                    ASPNET
Full Name                    ASP.NET Machine Account
Comment                      Account used for running the ASP.NET worker process (aspnet_wp.exe)
User's comment               Account used for running the ASP.NET worker process (aspnet_wp.exe)
Country code                 000 (System Default)
Account active               Yes
Account expires              Never

Password last set            2008/3/17  04:16
Password expires             Never
Password changeable          2008/3/17  04:16
Password required            No
User may change password     No

Workstations allowed         All
Logon script                 
User profile                 
Home directory               
Last logon                   2008/3/24  11:32

Logon hours allowed          All

Local Group Memberships      *Users                
Global Group memberships     *None                 
The command completed successfully.


e:\inetpub\wwwroot\dwproperty>cacls temp /t /e /c /g ASPNET:f 
processed dir: e:\inetpub\wwwroot\dwproperty\temp

e:\inetpub\wwwroot\dwproperty>cacls "..\dwproperty_root" /t /e /c /g ASPNET:f 
processed dir: e:\inetpub\wwwroot\dwproperty_root
processed dir: e:\inetpub\wwwroot\dwproperty_root\file
processed dir: e:\inetpub\wwwroot\dwproperty_root\log
processed dir: e:\inetpub\wwwroot\dwproperty_root\mail
processed dir: e:\inetpub\wwwroot\dwproperty_root\print
processed dir: e:\inetpub\wwwroot\dwproperty_root\file\common
processed dir: e:\inetpub\wwwroot\dwproperty_root\file\icon
processed dir: e:\inetpub\wwwroot\dwproperty_root\file\session
processed dir: e:\inetpub\wwwroot\dwproperty_root\file\users
processed dir: e:\inetpub\wwwroot\dwproperty_root\file\common\c
processed dir: e:\inetpub\wwwroot\dwproperty_root\file\common\H
processed dir: e:\inetpub\wwwroot\dwproperty_root\file\common\c\temp
processed dir: e:\inetpub\wwwroot\dwproperty_root\file\common\c\~pl_
processed file: e:\inetpub\wwwroot\dwproperty_root\file\common\c\~pl_\control.pbd
processed file: e:\inetpub\wwwroot\dwproperty_root\file\common\c\~pl_\dwproperty.pbd
processed file: e:\inetpub\wwwroot\dwproperty_root\file\common\c\~pl_\Sybase.PowerBuilder.System.pbd
processed dir: e:\inetpub\wwwroot\dwproperty_root\file\common\H\work_app
processed dir: e:\inetpub\wwwroot\dwproperty_root\file\common\H\work_app\program-test
processed dir: e:\inetpub\wwwroot\dwproperty_root\file\common\H\work_app\program-test\cr495212
processed dir: e:\inetpub\wwwroot\dwproperty_root\mail\session
processed dir: e:\inetpub\wwwroot\dwproperty_root\mail\users
processed dir: e:\inetpub\wwwroot\dwproperty_root\print\session
processed dir: e:\inetpub\wwwroot\dwproperty_root\print\users

e:\inetpub\wwwroot\dwproperty>net localgroup IIS_WPG 
System error 1376 has occurred.

The specified local group does not exist.

IIS_WPG [IIS 6] was not found.

e:\inetpub\wwwroot\dwproperty>goto groupstep_iis7 

e:\inetpub\wwwroot\dwproperty>net localgroup IIS_IUSRS 
System error 1376 has occurred.

The specified local group does not exist.

IIS_IUSRS [IIS 7] was not found.

e:\inetpub\wwwroot\dwproperty>goto regstep 

e:\inetpub\wwwroot\dwproperty>regsvr32 /s bin\Html2Rtf.dll 

e:\inetpub\wwwroot\dwproperty>regsvr32 /s bin\Rtf2Html.dll 

e:\inetpub\wwwroot\dwproperty>rem endlocal 
